******************************************************************************
                  MSP430 Linker PC v4.4.5                      
******************************************************************************
>> Linked Sat Oct 30 12:06:38 2021

OUTPUT FILE NAME:   <finalProjectTest.out>
ENTRY POINT SYMBOL: "_c_int00_noargs_noexit"  address: 00004400


MEMORY CONFIGURATION

         name            origin    length      used     unused   attr    fill
----------------------  --------  ---------  --------  --------  ----  --------
  SFR                   00000000   00000010  00000000  00000010  RWIX
  PERIPHERALS_8BIT      00000010   000000f0  00000000  000000f0  RWIX
  PERIPHERALS_16BIT     00000100   00000100  00000000  00000100  RWIX
  INFOD                 00001800   00000080  00000000  00000080  RWIX
  INFOC                 00001880   00000080  00000000  00000080  RWIX
  INFOB                 00001900   00000080  00000000  00000080  RWIX
  INFOA                 00001980   00000080  00000000  00000080  RWIX
  USBRAM                00001c00   00000800  00000000  00000800  RWIX
  RAM                   00002400   00002000  00001eaa  00000156  RWIX
  FLASH                 00004400   0000bb80  00000070  0000bb10  RWIX
  INT00                 0000ff80   00000002  00000000  00000002  RWIX
  INT01                 0000ff82   00000002  00000000  00000002  RWIX
  INT02                 0000ff84   00000002  00000000  00000002  RWIX
  INT03                 0000ff86   00000002  00000000  00000002  RWIX
  INT04                 0000ff88   00000002  00000000  00000002  RWIX
  INT05                 0000ff8a   00000002  00000000  00000002  RWIX
  INT06                 0000ff8c   00000002  00000000  00000002  RWIX
  INT07                 0000ff8e   00000002  00000000  00000002  RWIX
  INT08                 0000ff90   00000002  00000000  00000002  RWIX
  INT09                 0000ff92   00000002  00000000  00000002  RWIX
  INT10                 0000ff94   00000002  00000000  00000002  RWIX
  INT11                 0000ff96   00000002  00000000  00000002  RWIX
  INT12                 0000ff98   00000002  00000000  00000002  RWIX
  INT13                 0000ff9a   00000002  00000000  00000002  RWIX
  INT14                 0000ff9c   00000002  00000000  00000002  RWIX
  INT15                 0000ff9e   00000002  00000000  00000002  RWIX
  INT16                 0000ffa0   00000002  00000000  00000002  RWIX
  INT17                 0000ffa2   00000002  00000000  00000002  RWIX
  INT18                 0000ffa4   00000002  00000000  00000002  RWIX
  INT19                 0000ffa6   00000002  00000000  00000002  RWIX
  INT20                 0000ffa8   00000002  00000000  00000002  RWIX
  INT21                 0000ffaa   00000002  00000000  00000002  RWIX
  INT22                 0000ffac   00000002  00000000  00000002  RWIX
  INT23                 0000ffae   00000002  00000000  00000002  RWIX
  INT24                 0000ffb0   00000002  00000000  00000002  RWIX
  INT25                 0000ffb2   00000002  00000000  00000002  RWIX
  INT26                 0000ffb4   00000002  00000000  00000002  RWIX
  INT27                 0000ffb6   00000002  00000000  00000002  RWIX
  INT28                 0000ffb8   00000002  00000000  00000002  RWIX
  INT29                 0000ffba   00000002  00000000  00000002  RWIX
  INT30                 0000ffbc   00000002  00000000  00000002  RWIX
  INT31                 0000ffbe   00000002  00000000  00000002  RWIX
  INT32                 0000ffc0   00000002  00000000  00000002  RWIX
  INT33                 0000ffc2   00000002  00000000  00000002  RWIX
  INT34                 0000ffc4   00000002  00000000  00000002  RWIX
  INT35                 0000ffc6   00000002  00000000  00000002  RWIX
  INT36                 0000ffc8   00000002  00000000  00000002  RWIX
  INT37                 0000ffca   00000002  00000000  00000002  RWIX
  INT38                 0000ffcc   00000002  00000000  00000002  RWIX
  INT39                 0000ffce   00000002  00000000  00000002  RWIX
  INT40                 0000ffd0   00000002  00000000  00000002  RWIX
  INT41                 0000ffd2   00000002  00000002  00000000  RWIX
  INT42                 0000ffd4   00000002  00000002  00000000  RWIX
  INT43                 0000ffd6   00000002  00000002  00000000  RWIX
  INT44                 0000ffd8   00000002  00000002  00000000  RWIX
  INT45                 0000ffda   00000002  00000002  00000000  RWIX
  INT46                 0000ffdc   00000002  00000002  00000000  RWIX
  INT47                 0000ffde   00000002  00000002  00000000  RWIX
  INT48                 0000ffe0   00000002  00000002  00000000  RWIX
  INT49                 0000ffe2   00000002  00000002  00000000  RWIX
  INT50                 0000ffe4   00000002  00000002  00000000  RWIX
  INT51                 0000ffe6   00000002  00000002  00000000  RWIX
  INT52                 0000ffe8   00000002  00000002  00000000  RWIX
  INT53                 0000ffea   00000002  00000002  00000000  RWIX
  INT54                 0000ffec   00000002  00000002  00000000  RWIX
  INT55                 0000ffee   00000002  00000002  00000000  RWIX
  INT56                 0000fff0   00000002  00000002  00000000  RWIX
  INT57                 0000fff2   00000002  00000002  00000000  RWIX
  INT58                 0000fff4   00000002  00000002  00000000  RWIX
  INT59                 0000fff6   00000002  00000002  00000000  RWIX
  INT60                 0000fff8   00000002  00000002  00000000  RWIX
  INT61                 0000fffa   00000002  00000002  00000000  RWIX
  INT62                 0000fffc   00000002  00000002  00000000  RWIX
  RESET                 0000fffe   00000002  00000002  00000000  RWIX
  FLASH2                00010000   00014400  0000b6b0  00008d50  RWIX


SECTION ALLOCATION MAP

 output                                  attributes/
section   page    origin      length       input sections
--------  ----  ----------  ----------   ----------------
.bss       0    00002400    00001224     UNINITIALIZED
                  00002400    00000c00     empty_pe430X.oe430X (.bss:taskStackSection)
                  00003000    00000200     (.common:ti_sysbios_heaps_HeapMem_Instance_State_0_buf__A)
                  00003200    00000100     (.common:ti_uia_loggers_LoggerStopMode_Instance_State_1_packetArray__A)
                  00003300    00000100     (.common:ti_uia_loggers_LoggerStopMode_Instance_State_2_packetArray__A)
                  00003400    00000080     (.common:ti_uia_loggers_LoggerStopMode_Instance_State_0_packetArray__A)
                  00003480    00000080     (.common:xdc_runtime_SysMin_Module_State_0_outbuf__A)
                  00003500    00000024     (.common:ti_uia_loggers_LoggerStopMode_Instance_State_0_hdr__A)
                  00003524    00000020     (.common:SwiLiveLoopParams)
                  00003544    00000010     (.common:vesselArriveToBarrierCount)
                  00003554    0000000c     (.common:vesselHandles)
                  00003560    00000008     (.common:parmbuf)
                  00003568    00000004     (.common:SwiLiveLoop)
                  0000356c    00000014     --HOLE--
                  00003580    00000024     (.common:ti_uia_loggers_LoggerStopMode_Instance_State_1_hdr__A)
                  000035a4    0000005c     --HOLE--
                  00003600    00000024     (.common:ti_uia_loggers_LoggerStopMode_Instance_State_2_hdr__A)

.data      0    00003624    00000766     UNINITIALIZED
                  00003624    000001f8     empty_pe430X.oe430X (.data)
                  0000381c    00000174     empty_pe430X.oe430X (.data:ti_sysbios_knl_Task_Object__table__V)
                  00003990    00000096     empty_pe430X.oe430X (.data:ti_sysbios_knl_Clock_Object__table__V)
                  00003a26    0000008a     empty_pe430X.oe430X (.data:ti_uia_loggers_LoggerStopMode_Object__table__V)
                  00003ab0    00000080     empty_pe430X.oe430X (.data:ti_sysbios_knl_Swi_Module_State_0_readyQ__A)
                  00003b30    00000080     empty_pe430X.oe430X (.data:ti_sysbios_knl_Task_Module_State_0_readyQ__A)
                  00003bb0    0000005a     empty_pe430X.oe430X (.data:ti_sysbios_knl_Semaphore_Object__table__V)
                  00003c0a    00000036     empty_pe430X.oe430X (.data:ti_sysbios_family_msp430_Timer_Object__table__V)
                  00003c40    00000034     empty_pe430X.oe430X (.data:ti_sysbios_gates_GateMutex_Object__table__V)
                  00003c74    00000028     empty_pe430X.oe430X (.data:ti_sysbios_gates_GateMutexPri_Object__table__V)
                  00003c9c    00000026     empty_pe430X.oe430X (.data:ti_sysbios_knl_Swi_Object__table__V)
                  00003cc2    00000020     main.obj (.data:mapFunctions)
                  00003ce2    00000020     empty_pe430X.oe430X (.data:xdc_runtime_System_Module_State_0_atexitHandlers__A)
                  00003d02    00000018     empty_pe430X.oe430X (.data:ti_sysbios_family_msp430_Timer_Module_State_0_device__A)
                  00003d1a    00000016     empty_pe430X.oe430X (.data:ti_sysbios_heaps_HeapMem_Object__table__V)
                  00003d30    00000010     empty_pe430X.oe430X (.data:ti_sysbios_family_msp430_Timer_Module_State_0_handles__A)
                  00003d40    0000000e     empty_pe430X.oe430X (.data:ti_sysbios_family_msp430_Hwi_Object__table__V)
                  00003d4e    0000000a     empty_pe430X.oe430X (.data:ti_sysbios_knl_Event_Object__table__V)
                  00003d58    00000008     empty_pe430X.oe430X (.data:ti_sysbios_knl_Queue_Object__table__V)
                  00003d60    00000006     ti.uia.runtime.ae430X : QueueDescriptor.oe430X (.data)
                  00003d66    00000004     boot.ae430X : boot.oe430X (.data:__TI_cleanup_ptr)
                  00003d6a    00000004                 : boot.oe430X (.data:__TI_dtors_ptr)
                  00003d6e    00000004     rts430x_lc_rd_eabi.lib : _lock.obj (.data:_lock)
                  00003d72    00000004                            : _lock.obj (.data:_unlock)
                  00003d76    00000004     main.obj (.data)
                  00003d7a    00000004     empty_pe430X.oe430X (.data:ti_sysbios_gates_GateHwi_Object__table__V)
                  00003d7e    00000004     empty_pe430X.oe430X (.data:ti_sysbios_knl_Task_Module_State_0_idleTask__A)
                  00003d82    00000004     empty_pe430X.oe430X (.data:ti_sysbios_utils_Load_Module_State_0_runningTask__A)
                  00003d86    00000004     empty_pe430X.oe430X (.data:ti_sysbios_utils_Load_Module_State_0_taskStartTime__A)

.cio       0    00003d8a    00000120     UNINITIALIZED
                  00003d8a    00000120     rts430x_lc_rd_eabi.lib : trgmsg.obj (.cio)

.stack     0    00004000    00000400     UNINITIALIZED
                  00004000    00000004     boot.ae430X : boot.oe430X (.stack)
                  00004004    000003fc     --HOLE--

.text:_isr 
*          0    00004400    00000070     
                  00004400    00000026     boot.ae430X : boot_special.oe430X (.text:_isr:_c_int00_noargs_noexit)
                  00004426    00000020     sysbios.ae430X : BIOS.obj (.text:_isr:ti_sysbios_family_msp430_Hwi53)
                  00004446    00000002                    : BIOS.obj (.text:_isr:ti_sysbios_family_msp430_Hwi41)
                  00004448    00000002                    : BIOS.obj (.text:_isr:ti_sysbios_family_msp430_Hwi42)
                  0000444a    00000002                    : BIOS.obj (.text:_isr:ti_sysbios_family_msp430_Hwi43)
                  0000444c    00000002                    : BIOS.obj (.text:_isr:ti_sysbios_family_msp430_Hwi44)
                  0000444e    00000002                    : BIOS.obj (.text:_isr:ti_sysbios_family_msp430_Hwi45)
                  00004450    00000002                    : BIOS.obj (.text:_isr:ti_sysbios_family_msp430_Hwi46)
                  00004452    00000002                    : BIOS.obj (.text:_isr:ti_sysbios_family_msp430_Hwi47)
                  00004454    00000002                    : BIOS.obj (.text:_isr:ti_sysbios_family_msp430_Hwi48)
                  00004456    00000002                    : BIOS.obj (.text:_isr:ti_sysbios_family_msp430_Hwi49)
                  00004458    00000002                    : BIOS.obj (.text:_isr:ti_sysbios_family_msp430_Hwi50)
                  0000445a    00000002                    : BIOS.obj (.text:_isr:ti_sysbios_family_msp430_Hwi51)
                  0000445c    00000002                    : BIOS.obj (.text:_isr:ti_sysbios_family_msp430_Hwi52)
                  0000445e    00000002                    : BIOS.obj (.text:_isr:ti_sysbios_family_msp430_Hwi54)
                  00004460    00000002                    : BIOS.obj (.text:_isr:ti_sysbios_family_msp430_Hwi55)
                  00004462    00000002                    : BIOS.obj (.text:_isr:ti_sysbios_family_msp430_Hwi56)
                  00004464    00000002                    : BIOS.obj (.text:_isr:ti_sysbios_family_msp430_Hwi57)
                  00004466    00000002                    : BIOS.obj (.text:_isr:ti_sysbios_family_msp430_Hwi58)
                  00004468    00000002                    : BIOS.obj (.text:_isr:ti_sysbios_family_msp430_Hwi59)
                  0000446a    00000002                    : BIOS.obj (.text:_isr:ti_sysbios_family_msp430_Hwi60)
                  0000446c    00000002                    : BIOS.obj (.text:_isr:ti_sysbios_family_msp430_Hwi61)
                  0000446e    00000002                    : BIOS.obj (.text:_isr:ti_sysbios_family_msp430_Hwi62)

.const     0    00018984    000027e0     
                  00018984    00001e0e     empty_pe430X.oe430X (.const:xdc_runtime_Text_charTab__A)
                  0001a792    00000188     main.obj (.const:.string)
                  0001a91a    000000e8     empty_pe430X.oe430X (.const:xdc_runtime_Text_nodeTab__A)
                  0001aa02    0000005e     empty_pe430X.oe430X (.const:ti_uia_loggers_LoggerStopMode_Module__FXNS__C)
                  0001aa60    00000058     ti.targets.msp430.rts430.ae430X : Error.oe430X (.const:.string)
                  0001aab8    0000004c     empty_pe430X.oe430X (.const)
                  0001ab04    00000046     empty_pe430X.oe430X (.const:.string)
                  0001ab4a    00000044     ti.targets.msp430.rts430.ae430X : Text.oe430X (.const:.string)
                  0001ab8e    0000002d     main.obj (.const:vesselNames)
                  0001abbb    00000001     --HOLE-- [fill = 0]
                  0001abbc    0000002a     ti.targets.msp430.rts430.ae430X : Startup.oe430X (.const:.string)
                  0001abe6    00000028     empty_pe430X.oe430X (.const:xdc_runtime_Startup_sfxnTab__A)
                  0001ac0e    00000026     empty_pe430X.oe430X (.const:ti_sysbios_heaps_HeapMem_Module__FXNS__C)
                  0001ac34    00000022     empty_pe430X.oe430X (.const:ti_sysbios_gates_GateHwi_Module__FXNS__C)
                  0001ac56    00000022     empty_pe430X.oe430X (.const:ti_sysbios_gates_GateMutexPri_Module__FXNS__C)
                  0001ac78    00000022     empty_pe430X.oe430X (.const:ti_sysbios_gates_GateMutex_Module__FXNS__C)
                  0001ac9a    00000020     sysbios.ae430X : BIOS.obj (.const:IntrinsicsSupport_maxbitTable)
                  0001acba    00000020     empty_pe430X.oe430X (.const:ti_sysbios_knl_Swi_Object__PARAMS__C)
                  0001acda    00000020     empty_pe430X.oe430X (.const:ti_uia_loggers_LoggerStopMode_Object__PARAMS__C)
                  0001acfa    0000001e     empty_pe430X.oe430X (.const:ti_sysbios_heaps_HeapMem_Object__PARAMS__C)
                  0001ad18    0000001c     ccs-MSP430F5529.lib : gpio.obj (.const:GPIO_PORT_TO_BASE)
                  0001ad34    0000001c     empty_pe430X.oe430X (.const:ti_sysbios_knl_Semaphore_Object__PARAMS__C)
                  0001ad50    00000018     empty_pe430X.oe430X (.const:ti_sysbios_gates_GateHwi_Object__DESC__C)
                  0001ad68    00000018     empty_pe430X.oe430X (.const:ti_sysbios_gates_GateMutexPri_Object__DESC__C)
                  0001ad80    00000018     empty_pe430X.oe430X (.const:ti_sysbios_gates_GateMutex_Object__DESC__C)
                  0001ad98    00000018     empty_pe430X.oe430X (.const:ti_sysbios_heaps_HeapMem_Object__DESC__C)
                  0001adb0    00000018     empty_pe430X.oe430X (.const:ti_sysbios_knl_Queue_Object__DESC__C)
                  0001adc8    00000018     empty_pe430X.oe430X (.const:ti_sysbios_knl_Semaphore_Object__DESC__C)
                  0001ade0    00000018     empty_pe430X.oe430X (.const:ti_sysbios_knl_Swi_Object__DESC__C)
                  0001adf8    00000018     empty_pe430X.oe430X (.const:ti_uia_loggers_LoggerStopMode_Object__DESC__C)
                  0001ae10    00000014     empty_pe430X.oe430X (.const:ti_sysbios_gates_GateHwi_Object__PARAMS__C)
                  0001ae24    00000014     empty_pe430X.oe430X (.const:ti_sysbios_gates_GateMutexPri_Object__PARAMS__C)
                  0001ae38    00000014     empty_pe430X.oe430X (.const:ti_sysbios_gates_GateMutex_Object__PARAMS__C)
                  0001ae4c    00000014     empty_pe430X.oe430X (.const:ti_sysbios_knl_Queue_Object__PARAMS__C)
                  0001ae60    00000014     empty_pe430X.oe430X (.const:xdc_runtime_Startup_sfxnRts__A)
                  0001ae74    00000011     ti.targets.msp430.rts430.ae430X : System.oe430X (.const:.string:digtohex)
                  0001ae85    00000001     --HOLE-- [fill = 0]
                  0001ae86    00000010     main.obj (.const:mapPoints)
                  0001ae96    00000008     ti.targets.msp430.rts430.ae430X : System.oe430X (.const:.string)
                  0001ae9e    00000008     empty_pe430X.oe430X (.const:ti_sysbios_knl_Idle_funcList__A)
                  0001aea6    00000008     empty_pe430X.oe430X (.const:xdc_runtime_Startup_firstFxns__A)
                  0001aeae    00000006     ti.targets.msp430.rts430.ae430X : Assert.oe430X (.const:.string)
                  0001aeb4    00000006     empty_pe430X.oe430X (.const:ti_sysbios_family_msp430_Hwi_hooks__C)
                  0001aeba    00000006     empty_pe430X.oe430X (.const:ti_sysbios_knl_Idle_funcList__C)
                  0001aec0    00000006     main.obj (.const:vesselPriorities)
                  0001aec6    00000006     empty_pe430X.oe430X (.const:xdc_runtime_Startup_firstFxns__C)
                  0001aecc    00000006     empty_pe430X.oe430X (.const:xdc_runtime_Startup_lastFxns__C)
                  0001aed2    00000004     empty_pe430X.oe430X (.const:ti_sysbios_family_msp430_TimestampProvider_Module__diagsEnabled__C)
                  0001aed6    00000004     empty_pe430X.oe430X (.const:ti_sysbios_family_msp430_TimestampProvider_Module__diagsIncluded__C)
                  0001aeda    00000004     empty_pe430X.oe430X (.const:ti_sysbios_family_msp430_TimestampProvider_Module__diagsMask__C)
                  0001aede    00000004     empty_pe430X.oe430X (.const:ti_sysbios_gates_GateMutexPri_A_badContext__C)
                  0001aee2    00000004     empty_pe430X.oe430X (.const:ti_sysbios_gates_GateMutexPri_A_enterTaskDisabled__C)
                  0001aee6    00000004     empty_pe430X.oe430X (.const:ti_sysbios_gates_GateMutexPri_Module__diagsEnabled__C)
                  0001aeea    00000004     empty_pe430X.oe430X (.const:ti_sysbios_gates_GateMutexPri_Module__diagsIncluded__C)
                  0001aeee    00000004     empty_pe430X.oe430X (.const:ti_sysbios_gates_GateMutexPri_Module__diagsMask__C)
                  0001aef2    00000004     empty_pe430X.oe430X (.const:ti_sysbios_gates_GateMutex_A_badContext__C)
                  0001aef6    00000004     empty_pe430X.oe430X (.const:ti_sysbios_gates_GateMutex_Module__diagsEnabled__C)
                  0001aefa    00000004     empty_pe430X.oe430X (.const:ti_sysbios_gates_GateMutex_Module__diagsIncluded__C)
                  0001aefe    00000004     empty_pe430X.oe430X (.const:ti_sysbios_gates_GateMutex_Module__diagsMask__C)
                  0001af02    00000004     empty_pe430X.oe430X (.const:ti_sysbios_hal_Hwi_E_stackOverflow__C)
                  0001af06    00000004     empty_pe430X.oe430X (.const:ti_sysbios_heaps_HeapMem_A_align__C)
                  0001af0a    00000004     empty_pe430X.oe430X (.const:ti_sysbios_heaps_HeapMem_A_heapSize__C)
                  0001af0e    00000004     empty_pe430X.oe430X (.const:ti_sysbios_heaps_HeapMem_A_invalidFree__C)
                  0001af12    00000004     empty_pe430X.oe430X (.const:ti_sysbios_heaps_HeapMem_A_zeroBlock__C)
                  0001af16    00000004     empty_pe430X.oe430X (.const:ti_sysbios_heaps_HeapMem_E_memory__C)
                  0001af1a    00000004     empty_pe430X.oe430X (.const:ti_sysbios_heaps_HeapMem_Module__diagsEnabled__C)
                  0001af1e    00000004     empty_pe430X.oe430X (.const:ti_sysbios_heaps_HeapMem_Module__diagsIncluded__C)
                  0001af22    00000004     empty_pe430X.oe430X (.const:ti_sysbios_heaps_HeapMem_Module__diagsMask__C)
                  0001af26    00000004     empty_pe430X.oe430X (.const:ti_sysbios_heaps_HeapMem_Module__gateObj__C)
                  0001af2a    00000004     empty_pe430X.oe430X (.const:ti_sysbios_knl_Clock_LM_begin__C)
                  0001af2e    00000004     empty_pe430X.oe430X (.const:ti_sysbios_knl_Clock_LM_tick__C)
                  0001af32    00000004     empty_pe430X.oe430X (.const:ti_sysbios_knl_Clock_LW_delayed__C)
                  0001af36    00000004     empty_pe430X.oe430X (.const:ti_sysbios_knl_Clock_Module__diagsEnabled__C)
                  0001af3a    00000004     empty_pe430X.oe430X (.const:ti_sysbios_knl_Clock_Module__diagsIncluded__C)
                  0001af3e    00000004     empty_pe430X.oe430X (.const:ti_sysbios_knl_Clock_Module__diagsMask__C)
                  0001af42    00000004     empty_pe430X.oe430X (.const:ti_sysbios_knl_Clock_Module__loggerFxn1__C)
                  0001af46    00000004     empty_pe430X.oe430X (.const:ti_sysbios_knl_Clock_Module__loggerFxn2__C)
                  0001af4a    00000004     empty_pe430X.oe430X (.const:ti_sysbios_knl_Clock_Module__loggerObj__C)
                  0001af4e    00000004     empty_pe430X.oe430X (.const:ti_sysbios_knl_Event_A_badContext__C)
                  0001af52    00000004     empty_pe430X.oe430X (.const:ti_sysbios_knl_Event_A_eventInUse__C)
                  0001af56    00000004     empty_pe430X.oe430X (.const:ti_sysbios_knl_Event_A_nullEventId__C)
                  0001af5a    00000004     empty_pe430X.oe430X (.const:ti_sysbios_knl_Event_A_nullEventMasks__C)
                  0001af5e    00000004     empty_pe430X.oe430X (.const:ti_sysbios_knl_Event_A_pendTaskDisabled__C)
                  0001af62    00000004     empty_pe430X.oe430X (.const:ti_sysbios_knl_Event_LM_pend__C)
                  0001af66    00000004     empty_pe430X.oe430X (.const:ti_sysbios_knl_Event_LM_post__C)
                  0001af6a    00000004     empty_pe430X.oe430X (.const:ti_sysbios_knl_Event_Module__diagsEnabled__C)
                  0001af6e    00000004     empty_pe430X.oe430X (.const:ti_sysbios_knl_Event_Module__diagsIncluded__C)
                  0001af72    00000004     empty_pe430X.oe430X (.const:ti_sysbios_knl_Event_Module__diagsMask__C)
                  0001af76    00000004     empty_pe430X.oe430X (.const:ti_sysbios_knl_Event_Module__loggerFxn4__C)
                  0001af7a    00000004     empty_pe430X.oe430X (.const:ti_sysbios_knl_Event_Module__loggerFxn8__C)
                  0001af7e    00000004     empty_pe430X.oe430X (.const:ti_sysbios_knl_Event_Module__loggerObj__C)
                  0001af82    00000004     empty_pe430X.oe430X (.const:ti_sysbios_knl_Semaphore_A_badContext__C)
                  0001af86    00000004     empty_pe430X.oe430X (.const:ti_sysbios_knl_Semaphore_A_noEvents__C)
                  0001af8a    00000004     empty_pe430X.oe430X (.const:ti_sysbios_knl_Semaphore_A_overflow__C)
                  0001af8e    00000004     empty_pe430X.oe430X (.const:ti_sysbios_knl_Semaphore_A_pendTaskDisabled__C)
                  0001af92    00000004     empty_pe430X.oe430X (.const:ti_sysbios_knl_Semaphore_LM_pend__C)
                  0001af96    00000004     empty_pe430X.oe430X (.const:ti_sysbios_knl_Semaphore_LM_post__C)
                  0001af9a    00000004     empty_pe430X.oe430X (.const:ti_sysbios_knl_Semaphore_Module__diagsEnabled__C)
                  0001af9e    00000004     empty_pe430X.oe430X (.const:ti_sysbios_knl_Semaphore_Module__diagsIncluded__C)
                  0001afa2    00000004     empty_pe430X.oe430X (.const:ti_sysbios_knl_Semaphore_Module__diagsMask__C)
                  0001afa6    00000004     empty_pe430X.oe430X (.const:ti_sysbios_knl_Semaphore_Module__loggerFxn2__C)
                  0001afaa    00000004     empty_pe430X.oe430X (.const:ti_sysbios_knl_Semaphore_Module__loggerFxn4__C)
                  0001afae    00000004     empty_pe430X.oe430X (.const:ti_sysbios_knl_Semaphore_Module__loggerObj__C)
                  0001afb2    00000004     empty_pe430X.oe430X (.const:ti_sysbios_knl_Swi_A_badPriority__C)
                  0001afb6    00000004     empty_pe430X.oe430X (.const:ti_sysbios_knl_Swi_LD_end__C)
                  0001afba    00000004     empty_pe430X.oe430X (.const:ti_sysbios_knl_Swi_LM_begin__C)
                  0001afbe    00000004     empty_pe430X.oe430X (.const:ti_sysbios_knl_Swi_LM_post__C)
                  0001afc2    00000004     empty_pe430X.oe430X (.const:ti_sysbios_knl_Swi_Module__diagsEnabled__C)
                  0001afc6    00000004     empty_pe430X.oe430X (.const:ti_sysbios_knl_Swi_Module__diagsIncluded__C)
                  0001afca    00000004     empty_pe430X.oe430X (.const:ti_sysbios_knl_Swi_Module__diagsMask__C)
                  0001afce    00000004     empty_pe430X.oe430X (.const:ti_sysbios_knl_Swi_Module__loggerFxn1__C)
                  0001afd2    00000004     empty_pe430X.oe430X (.const:ti_sysbios_knl_Swi_Module__loggerFxn4__C)
                  0001afd6    00000004     empty_pe430X.oe430X (.const:ti_sysbios_knl_Swi_Module__loggerObj__C)
                  0001afda    00000004     empty_pe430X.oe430X (.const:ti_sysbios_knl_Task_A_badPriority__C)
                  0001afde    00000004     empty_pe430X.oe430X (.const:ti_sysbios_knl_Task_A_badTimeout__C)
                  0001afe2    00000004     empty_pe430X.oe430X (.const:ti_sysbios_knl_Task_A_sleepTaskDisabled__C)
                  0001afe6    00000004     empty_pe430X.oe430X (.const:ti_sysbios_knl_Task_E_spOutOfBounds__C)
                  0001afea    00000004     empty_pe430X.oe430X (.const:ti_sysbios_knl_Task_E_stackOverflow__C)
                  0001afee    00000004     empty_pe430X.oe430X (.const:ti_sysbios_knl_Task_LD_block__C)
                  0001aff2    00000004     empty_pe430X.oe430X (.const:ti_sysbios_knl_Task_LD_exit__C)
                  0001aff6    00000004     empty_pe430X.oe430X (.const:ti_sysbios_knl_Task_LD_ready__C)
                  0001affa    00000004     empty_pe430X.oe430X (.const:ti_sysbios_knl_Task_LM_setPri__C)
                  0001affe    00000004     empty_pe430X.oe430X (.const:ti_sysbios_knl_Task_LM_sleep__C)
                  0001b002    00000004     empty_pe430X.oe430X (.const:ti_sysbios_knl_Task_LM_switch__C)
                  0001b006    00000004     empty_pe430X.oe430X (.const:ti_sysbios_knl_Task_LM_yield__C)
                  0001b00a    00000004     empty_pe430X.oe430X (.const:ti_sysbios_knl_Task_Module__diagsEnabled__C)
                  0001b00e    00000004     empty_pe430X.oe430X (.const:ti_sysbios_knl_Task_Module__diagsIncluded__C)
                  0001b012    00000004     empty_pe430X.oe430X (.const:ti_sysbios_knl_Task_Module__diagsMask__C)
                  0001b016    00000004     empty_pe430X.oe430X (.const:ti_sysbios_knl_Task_Module__loggerFxn2__C)
                  0001b01a    00000004     empty_pe430X.oe430X (.const:ti_sysbios_knl_Task_Module__loggerFxn4__C)
                  0001b01e    00000004     empty_pe430X.oe430X (.const:ti_sysbios_knl_Task_Module__loggerObj__C)
                  0001b022    00000004     empty_pe430X.oe430X (.const:ti_sysbios_knl_Task_allBlockedFunc__C)
                  0001b026    00000004     empty_pe430X.oe430X (.const:ti_sysbios_utils_Load_LS_cpuLoad__C)
                  0001b02a    00000004     empty_pe430X.oe430X (.const:ti_sysbios_utils_Load_Module__diagsEnabled__C)
                  0001b02e    00000004     empty_pe430X.oe430X (.const:ti_sysbios_utils_Load_Module__diagsIncluded__C)
                  0001b032    00000004     empty_pe430X.oe430X (.const:ti_sysbios_utils_Load_Module__diagsMask__C)
                  0001b036    00000004     empty_pe430X.oe430X (.const:ti_sysbios_utils_Load_Module__loggerFxn1__C)
                  0001b03a    00000004     empty_pe430X.oe430X (.const:ti_sysbios_utils_Load_Module__loggerObj__C)
                  0001b03e    00000004     empty_pe430X.oe430X (.const:ti_sysbios_utils_Load_postUpdate__C)
                  0001b042    00000004     empty_pe430X.oe430X (.const:ti_uia_loggers_LoggerStopMode_Module__diagsEnabled__C)
                  0001b046    00000004     empty_pe430X.oe430X (.const:ti_uia_loggers_LoggerStopMode_Module__diagsIncluded__C)
                  0001b04a    00000004     empty_pe430X.oe430X (.const:ti_uia_loggers_LoggerStopMode_Module__diagsMask__C)
                  0001b04e    00000004     empty_pe430X.oe430X (.const:ti_uia_runtime_ILoggerSnapshot_Interface__BASE__C)
                  0001b052    00000004     empty_pe430X.oe430X (.const:ti_uia_runtime_IUIATransfer_Interface__BASE__C)
                  0001b056    00000004     empty_pe430X.oe430X (.const:xdc_runtime_Assert_E_assertFailed__C)
                  0001b05a    00000004     empty_pe430X.oe430X (.const:xdc_runtime_Core_A_initializedParams__C)
                  0001b05e    00000004     empty_pe430X.oe430X (.const:xdc_runtime_Core_Module__diagsEnabled__C)
                  0001b062    00000004     empty_pe430X.oe430X (.const:xdc_runtime_Core_Module__diagsIncluded__C)
                  0001b066    00000004     empty_pe430X.oe430X (.const:xdc_runtime_Core_Module__diagsMask__C)
                  0001b06a    00000004     empty_pe430X.oe430X (.const:xdc_runtime_Error_E_memory__C)
                  0001b06e    00000004     empty_pe430X.oe430X (.const:xdc_runtime_Error_Module__diagsEnabled__C)
                  0001b072    00000004     empty_pe430X.oe430X (.const:xdc_runtime_Error_Module__diagsIncluded__C)
                  0001b076    00000004     empty_pe430X.oe430X (.const:xdc_runtime_Error_Module__diagsMask__C)
                  0001b07a    00000004     empty_pe430X.oe430X (.const:xdc_runtime_Error_Module__loggerFxn8__C)
                  0001b07e    00000004     empty_pe430X.oe430X (.const:xdc_runtime_Error_Module__loggerObj__C)
                  0001b082    00000004     empty_pe430X.oe430X (.const:xdc_runtime_Error_policyFxn__C)
                  0001b086    00000004     empty_pe430X.oe430X (.const:xdc_runtime_Error_raiseHook__C)
                  0001b08a    00000004     empty_pe430X.oe430X (.const:xdc_runtime_IFilterLogger_Interface__BASE__C)
                  0001b08e    00000004     empty_pe430X.oe430X (.const:xdc_runtime_IGateProvider_Interface__BASE__C)
                  0001b092    00000004     empty_pe430X.oe430X (.const:xdc_runtime_IHeap_Interface__BASE__C)
                  0001b096    00000004     empty_pe430X.oe430X (.const:xdc_runtime_ILogger_Interface__BASE__C)
                  0001b09a    00000004     empty_pe430X.oe430X (.const:xdc_runtime_IModule_Interface__BASE__C)
                  0001b09e    00000004     empty_pe430X.oe430X (.const:xdc_runtime_Log_L_error__C)
                  0001b0a2    00000004     empty_pe430X.oe430X (.const:xdc_runtime_Log_L_info__C)
                  0001b0a6    00000004     empty_pe430X.oe430X (.const:xdc_runtime_Main_Module__diagsEnabled__C)
                  0001b0aa    00000004     empty_pe430X.oe430X (.const:xdc_runtime_Main_Module__diagsIncluded__C)
                  0001b0ae    00000004     empty_pe430X.oe430X (.const:xdc_runtime_Main_Module__diagsMask__C)
                  0001b0b2    00000004     empty_pe430X.oe430X (.const:xdc_runtime_Main_Module__loggerFxn4__C)
                  0001b0b6    00000004     empty_pe430X.oe430X (.const:xdc_runtime_Main_Module__loggerFxn8__C)
                  0001b0ba    00000004     empty_pe430X.oe430X (.const:xdc_runtime_Main_Module__loggerObj__C)
                  0001b0be    00000004     empty_pe430X.oe430X (.const:xdc_runtime_Memory_defaultHeapInstance__C)
                  0001b0c2    00000004     empty_pe430X.oe430X (.const:xdc_runtime_Startup_execImpl__C)
                  0001b0c6    00000004     empty_pe430X.oe430X (.const:xdc_runtime_Startup_sfxnRts__C)
                  0001b0ca    00000004     empty_pe430X.oe430X (.const:xdc_runtime_Startup_sfxnTab__C)
                  0001b0ce    00000004     empty_pe430X.oe430X (.const:xdc_runtime_SysMin_outputFunc__C)
                  0001b0d2    00000004     empty_pe430X.oe430X (.const:xdc_runtime_System_Module__gateObj__C)
                  0001b0d6    00000004     empty_pe430X.oe430X (.const:xdc_runtime_System_abortFxn__C)
                  0001b0da    00000004     empty_pe430X.oe430X (.const:xdc_runtime_System_exitFxn__C)
                  0001b0de    00000004     empty_pe430X.oe430X (.const:xdc_runtime_System_extendFxn__C)
                  0001b0e2    00000004     empty_pe430X.oe430X (.const:xdc_runtime_Text_charTab__C)
                  0001b0e6    00000004     empty_pe430X.oe430X (.const:xdc_runtime_Text_nameEmpty__C)
                  0001b0ea    00000004     empty_pe430X.oe430X (.const:xdc_runtime_Text_nameStatic__C)
                  0001b0ee    00000004     empty_pe430X.oe430X (.const:xdc_runtime_Text_nameUnknown__C)
                  0001b0f2    00000004     empty_pe430X.oe430X (.const:xdc_runtime_Text_nodeTab__C)
                  0001b0f6    00000004     empty_pe430X.oe430X (.const:xdc_runtime_Text_visitRopeFxn__C)
                  0001b0fa    00000002     empty_pe430X.oe430X (.const:ti_sysbios_family_msp430_Hwi_Object__count__C)
                  0001b0fc    00000002     empty_pe430X.oe430X (.const:ti_sysbios_family_msp430_Timer_numTimerDevices__C)
                  0001b0fe    00000002     empty_pe430X.oe430X (.const:ti_sysbios_family_msp430_Timer_startupNeeded__C)
                  0001b100    00000002     empty_pe430X.oe430X (.const:ti_sysbios_family_msp430_TimestampProvider_Module__id__C)
                  0001b102    00000002     empty_pe430X.oe430X (.const:ti_sysbios_family_msp430_TimestampProvider_useClockTimer__C)
                  0001b104    00000002     empty_pe430X.oe430X (.const:ti_sysbios_gates_GateMutexPri_Instance_State_pendQ__O)
                  0001b106    00000002     empty_pe430X.oe430X (.const:ti_sysbios_gates_GateMutexPri_Module__id__C)
                  0001b108    00000002     empty_pe430X.oe430X (.const:ti_sysbios_gates_GateMutex_Instance_State_sem__O)
                  0001b10a    00000002     empty_pe430X.oe430X (.const:ti_sysbios_gates_GateMutex_Module__id__C)
                  0001b10c    00000002     empty_pe430X.oe430X (.const:ti_sysbios_hal_Hwi_Module__id__C)
                  0001b10e    00000002     empty_pe430X.oe430X (.const:ti_sysbios_heaps_HeapMem_Module__id__C)
                  0001b110    00000002     empty_pe430X.oe430X (.const:ti_sysbios_heaps_HeapMem_Object__count__C)
                  0001b112    00000002     empty_pe430X.oe430X (.const:ti_sysbios_heaps_HeapMem_reqAlign__C)
                  0001b114    00000002     empty_pe430X.oe430X (.const:ti_sysbios_knl_Clock_Module_State_clockQ__O)
                  0001b116    00000002     empty_pe430X.oe430X (.const:ti_sysbios_knl_Clock_Module__id__C)
                  0001b118    00000002     empty_pe430X.oe430X (.const:ti_sysbios_knl_Clock_Module__loggerDefined__C)
                  0001b11a    00000002     empty_pe430X.oe430X (.const:ti_sysbios_knl_Event_Instance_State_pendQ__O)
                  0001b11c    00000002     empty_pe430X.oe430X (.const:ti_sysbios_knl_Event_Module__id__C)
                  0001b11e    00000002     empty_pe430X.oe430X (.const:ti_sysbios_knl_Event_Module__loggerDefined__C)
                  0001b120    00000002     empty_pe430X.oe430X (.const:ti_sysbios_knl_Semaphore_Instance_State_pendQ__O)
                  0001b122    00000002     empty_pe430X.oe430X (.const:ti_sysbios_knl_Semaphore_Module__id__C)
                  0001b124    00000002     empty_pe430X.oe430X (.const:ti_sysbios_knl_Semaphore_Module__loggerDefined__C)
                  0001b126    00000002     empty_pe430X.oe430X (.const:ti_sysbios_knl_Swi_Module__id__C)
                  0001b128    00000002     empty_pe430X.oe430X (.const:ti_sysbios_knl_Swi_Module__loggerDefined__C)
                  0001b12a    00000002     empty_pe430X.oe430X (.const:ti_sysbios_knl_Swi_Object__count__C)
                  0001b12c    00000002     empty_pe430X.oe430X (.const:ti_sysbios_knl_Task_Module_State_inactiveQ__O)
                  0001b12e    00000002     empty_pe430X.oe430X (.const:ti_sysbios_knl_Task_Module__id__C)
                  0001b130    00000002     empty_pe430X.oe430X (.const:ti_sysbios_knl_Task_Module__loggerDefined__C)
                  0001b132    00000002     empty_pe430X.oe430X (.const:ti_sysbios_knl_Task_Object__count__C)
                  0001b134    00000002     empty_pe430X.oe430X (.const:ti_sysbios_knl_Task_initStackFlag__C)
                  0001b136    00000002     empty_pe430X.oe430X (.const:ti_sysbios_knl_Task_numConstructedTasks__C)
                  0001b138    00000002     empty_pe430X.oe430X (.const:ti_sysbios_utils_Load_Module__id__C)
                  0001b13a    00000002     empty_pe430X.oe430X (.const:ti_sysbios_utils_Load_Module__loggerDefined__C)
                  0001b13c    00000002     empty_pe430X.oe430X (.const:ti_sysbios_utils_Load_updateInIdle__C)
                  0001b13e    00000002     empty_pe430X.oe430X (.const:ti_sysbios_utils_Load_windowInMs__C)
                  0001b140    00000002     empty_pe430X.oe430X (.const:ti_uia_loggers_LoggerStopMode_Module__id__C)
                  0001b142    00000002     empty_pe430X.oe430X (.const:ti_uia_loggers_LoggerStopMode_Object__count__C)
                  0001b144    00000002     empty_pe430X.oe430X (.const:ti_uia_loggers_LoggerStopMode_isTimestampEnabled__C)
                  0001b146    00000002     empty_pe430X.oe430X (.const:xdc_runtime_Core_Module__id__C)
                  0001b148    00000002     empty_pe430X.oe430X (.const:xdc_runtime_Error_Module__loggerDefined__C)
                  0001b14a    00000002     empty_pe430X.oe430X (.const:xdc_runtime_Error_maxDepth__C)
                  0001b14c    00000002     empty_pe430X.oe430X (.const:xdc_runtime_Error_policy__C)
                  0001b14e    00000002     empty_pe430X.oe430X (.const:xdc_runtime_Main_Module__id__C)
                  0001b150    00000002     empty_pe430X.oe430X (.const:xdc_runtime_Main_Module__loggerDefined__C)
                  0001b152    00000002     empty_pe430X.oe430X (.const:xdc_runtime_Memory_Module__id__C)
                  0001b154    00000002     empty_pe430X.oe430X (.const:xdc_runtime_Startup_maxPasses__C)
                  0001b156    00000002     empty_pe430X.oe430X (.const:xdc_runtime_SysMin_bufSize__C)
                  0001b158    00000002     empty_pe430X.oe430X (.const:xdc_runtime_SysMin_flushAtExit__C)
                  0001b15a    00000002     empty_pe430X.oe430X (.const:xdc_runtime_System_maxAtexitHandlers__C)
                  0001b15c    00000002     empty_pe430X.oe430X (.const:xdc_runtime_Text_charCnt__C)
                  0001b15e    00000002     empty_pe430X.oe430X (.const:xdc_runtime_Text_isLoaded__C)
                  0001b160    00000002     empty_pe430X.oe430X (.const:xdc_runtime_Text_registryModsLastId__C)
                  0001b162    00000002     empty_pe430X.oe430X (.const:xdc_runtime_Text_unnamedModsLastId__C)

.cinit     0    0001b164    0000054c     
                  0001b164    0000051b     (.cinit..data.load) [load image, compression = rle]
                  0001b67f    00000001     --HOLE-- [fill = 0]
                  0001b680    0000000c     (__TI_handler_table)
                  0001b68c    00000006     (.cinit..bss.load) [load image, compression = zero_init]
                  0001b692    00000006     (.cinit..cio.load) [load image, compression = zero_init]
                  0001b698    00000018     (__TI_cinit_table)

.init_array 
*          0    00004400    00000000     UNINITIALIZED

.TI.persistent 
*          0    00003624    00000000     UNINITIALIZED

RTC        0    0000ffd2    00000002     
                  0000ffd2    00000002     sysbios.ae430X : BIOS.obj (.int41)

PORT2      0    0000ffd4    00000002     
                  0000ffd4    00000002     sysbios.ae430X : BIOS.obj (.int42)

TIMER2_A1 
*          0    0000ffd6    00000002     
                  0000ffd6    00000002     sysbios.ae430X : BIOS.obj (.int43)

TIMER2_A0 
*          0    0000ffd8    00000002     
                  0000ffd8    00000002     sysbios.ae430X : BIOS.obj (.int44)

USCI_B1    0    0000ffda    00000002     
                  0000ffda    00000002     sysbios.ae430X : BIOS.obj (.int45)

USCI_A1    0    0000ffdc    00000002     
                  0000ffdc    00000002     sysbios.ae430X : BIOS.obj (.int46)

PORT1      0    0000ffde    00000002     
                  0000ffde    00000002     sysbios.ae430X : BIOS.obj (.int47)

TIMER1_A1 
*          0    0000ffe0    00000002     
                  0000ffe0    00000002     sysbios.ae430X : BIOS.obj (.int48)

TIMER1_A0 
*          0    0000ffe2    00000002     
                  0000ffe2    00000002     sysbios.ae430X : BIOS.obj (.int49)

DMA        0    0000ffe4    00000002     
                  0000ffe4    00000002     sysbios.ae430X : BIOS.obj (.int50)

USB_UBM    0    0000ffe6    00000002     
                  0000ffe6    00000002     sysbios.ae430X : BIOS.obj (.int51)

TIMER0_A1 
*          0    0000ffe8    00000002     
                  0000ffe8    00000002     sysbios.ae430X : BIOS.obj (.int52)

TIMER0_A0 
*          0    0000ffea    00000002     
                  0000ffea    00000002     sysbios.ae430X : BIOS.obj (.int53)

ADC12      0    0000ffec    00000002     
                  0000ffec    00000002     sysbios.ae430X : BIOS.obj (.int54)

USCI_B0    0    0000ffee    00000002     
                  0000ffee    00000002     sysbios.ae430X : BIOS.obj (.int55)

USCI_A0    0    0000fff0    00000002     
                  0000fff0    00000002     sysbios.ae430X : BIOS.obj (.int56)

WDT        0    0000fff2    00000002     
                  0000fff2    00000002     sysbios.ae430X : BIOS.obj (.int57)

TIMER0_B1 
*          0    0000fff4    00000002     
                  0000fff4    00000002     sysbios.ae430X : BIOS.obj (.int58)

TIMER0_B0 
*          0    0000fff6    00000002     
                  0000fff6    00000002     sysbios.ae430X : BIOS.obj (.int59)

COMP_B     0    0000fff8    00000002     
                  0000fff8    00000002     sysbios.ae430X : BIOS.obj (.int60)

UNMI       0    0000fffa    00000002     
                  0000fffa    00000002     sysbios.ae430X : BIOS.obj (.int61)

SYSNMI     0    0000fffc    00000002     
                  0000fffc    00000002     sysbios.ae430X : BIOS.obj (.int62)

.reset     0    0000fffe    00000002     
                  0000fffe    00000002     boot.ae430X : boot.oe430X (.reset)

xdc.meta   0    00000000    00000102     COPY SECTION
                  00000000    00000102     empty_pe430X.oe430X (xdc.meta)

.text      0    00010000    00008984     
                  00010000    000005d8     sysbios.ae430X : BIOS.obj (.text:ti_sysbios_knl_Event_pend__E)
                  000105d8    000004dc                    : BIOS.obj (.text:ti_sysbios_knl_Semaphore_pend__E)
                  00010ab4    000004d2     ti.targets.msp430.rts430.ae430X : System.oe430X (.text:xdc_runtime_System_doPrint__I)
                  00010f86    0000044a     sysbios.ae430X : BIOS.obj (.text:ti_sysbios_heaps_HeapMem_free__E)
                  000113d0    00000420                    : BIOS.obj (.text:ti_sysbios_heaps_HeapMem_alloc__E)
                  000117f0    00000348                    : BIOS.obj (.text:ti_sysbios_knl_Task_sleep__E)
                  00011b38    000002c0                    : BIOS.obj (.text:ti_sysbios_heaps_HeapMem_Instance_init__E)
                  00011df8    000002ae                    : BIOS.obj (.text:ti_sysbios_gates_GateMutexPri_enter__E)
                  000120a6    000002aa                    : BIOS.obj (.text:ti_sysbios_knl_Task_setPri__E)
                  00012350    0000027c     main.obj (.text:unloadAndEnd)
                  000125cc    0000025e     empty_pe430X.oe430X (.text:ti_uia_loggers_LoggerStopMode_write8__E)
                  0001282a    00000252     empty_pe430X.oe430X (.text:ti_uia_loggers_LoggerStopMode_writeMemoryRange__E)
                  00012a7c    00000228     sysbios.ae430X : BIOS.obj (.text:ti_sysbios_knl_Event_post__E)
                  00012ca4    00000208                    : BIOS.obj (.text:ti_sysbios_knl_Semaphore_post__E)
                  00012eac    000001ee     empty_pe430X.oe430X (.text:ti_uia_loggers_LoggerStopMode_write4__E)
                  0001309a    000001de     main.obj (.text:canalCross)
                  00013278    000001c8     ti.targets.msp430.rts430.ae430X : Core-mem.oe430X (.text:xdc_runtime_Core_createObject__I)
                  00013440    000001b6     empty_pe430X.oe430X (.text:ti_uia_loggers_LoggerStopMode_write2__E)
                  000135f6    000001b2     sysbios.ae430X : BIOS.obj (.text:ti_sysbios_knl_Swi_run__I)
                  000137a8    00000198                    : BIOS.obj (.text:ti_sysbios_knl_Clock_workFunc__E)
                  00013940    00000198     empty_pe430X.oe430X (.text:ti_uia_loggers_LoggerStopMode_write1__E)
                  00013ad8    0000018a     sysbios.ae430X : BIOS.obj (.text:ti_sysbios_knl_Swi_Instance_init__E)
                  00013c62    0000017e     empty_pe430X.oe430X (.text:ti_uia_loggers_LoggerStopMode_write0__E)
                  00013de0    0000016c     ti.targets.msp430.rts430.ae430X : Core-smem.oe430X (.text:xdc_runtime_Core_constructObject__I)
                  00013f4c    00000164     empty_pe430X.oe430X (.text:xdc_runtime_System_printfExtend__I)
                  000140b0    0000015a     sysbios.ae430X : BIOS.obj (.text:ti_sysbios_knl_Task_startCore__E)
                  0001420a    00000158     ti.targets.msp430.rts430.ae430X : Error.oe430X (.text:xdc_runtime_Error_policyDefault__E)
                  00014362    00000154     sysbios.ae430X : BIOS.obj (.text:ti_sysbios_knl_Task_schedule__I)
                  000144b6    0000014e                    : BIOS.obj (.text:ti_sysbios_utils_Load_updateLoads__E)
                  00014604    00000148                    : BIOS.obj (.text:ti_sysbios_gates_GateMutex_enter__E)
                  0001474c    00000136                    : BIOS.obj (.text:ti_sysbios_knl_Task_checkStacks__E)
                  00014882    00000132                    : BIOS.obj (.text:ti_sysbios_knl_Semaphore_Instance_init__E)
                  000149b4    00000122                    : BIOS.obj (.text:ti_sysbios_utils_Load_idleFxn__E)
                  00014ad6    00000120     main.obj (.text:sailAway)
                  00014bf6    0000010c     sysbios.ae430X : BIOS.obj (.text:ti_sysbios_knl_Task_yield__E)
                  00014d02    00000104     main.obj (.text:oppositePriorityBarrier)
                  00014e06    00000100     sysbios.ae430X : BIOS.obj (.text:ti_sysbios_knl_Swi_post__E)
                  00014f06    00000100                    : BIOS.obj (.text:ti_sysbios_knl_Swi_restoreHwi__E)
                  00015006    000000fe     main.obj (.text:maintainCanal)
                  00015104    000000f0     sysbios.ae430X : BIOS.obj (.text:ti_sysbios_knl_Task_unblockI__E)
                  000151f4    000000e6     main.obj (.text:fifoBarrier)
                  000152da    000000e2     ccs-MSP430F5529.lib : ucs.obj (.text:UCS_initFLL)
                  000153bc    000000de     sysbios.ae430X : BIOS.obj (.text:ti_sysbios_knl_Task_blockI__E)
                  0001549a    000000dc                    : BIOS.obj (.text:ti_sysbios_knl_Swi_runLoop__I)
                  00015576    000000d8     ti.uia.loggers.ae430X : LoggerStopMode.oe430X (.text:ti_uia_loggers_LoggerStopMode_flush__E)
                  0001564e    000000d8                           : LoggerStopMode.oe430X (.text:ti_uia_loggers_LoggerStopMode_initQueueDescriptor__E)
                  00015726    000000d2     sysbios.ae430X : BIOS.obj (.text:ti_sysbios_knl_Task_exit__E)
                  000157f8    000000c4     main.obj (.text:clkHandle)
                  000158bc    000000c4     main.obj (.text:semHandle)
                  00015980    000000c0     ti.targets.msp430.rts430.ae430X : Startup.oe430X (.text:xdc_runtime_Startup_startMods__I)
                  00015a40    000000bc     main.obj (.text:hardware_init)
                  00015afc    000000b8     ti.targets.msp430.rts430.ae430X : Text.oe430X (.text:xdc_runtime_Text_putSite__E)
                  00015bb4    000000b4     sysbios.ae430X : BIOS.obj (.text:ti_sysbios_knl_Swi_schedule__I)
                  00015c68    000000a8                    : BIOS.obj (.text:ti_sysbios_knl_Task_postInit__I)
                  00015d10    0000009a     ti.uia.runtime.ae430X : QueueDescriptor.oe430X (.text:ti_uia_runtime_QueueDescriptor_addToList__E)
                  00015daa    00000098     sysbios.ae430X : BIOS.obj (.text:ti_sysbios_knl_Clock_start__E)
                  00015e42    00000096     ti.targets.msp430.rts430.ae430X : System.oe430X (.text:xdc_runtime_System_formatNum__I)
                  00015ed8    00000092                                     : Error.oe430X (.text:xdc_runtime_Error_print__E)
                  00015f6a    0000008e     sysbios.ae430X : BIOS.obj (.text:ti_sysbios_gates_GateMutexPri_leave__E)
                  00015ff8    0000008a                    : BIOS.obj (.text:ti_sysbios_family_msp430_Timer_getExpiredCounts__E)
                  00016082    0000008a                    : BIOS.obj (.text:ti_sysbios_family_msp430_TimestampProvider_Module_startup__E)
                  0001610c    00000088     ccs-MSP430F5529.lib : ucs.obj (.text:UCS_initClockSignal)
                  00016194    00000088     main.obj (.text:ledSrvTaskHandler)
                  0001621c    00000088     sysbios.ae430X : BIOS.obj (.text:ti_sysbios_knl_Clock_logTick__E)
                  000162a4    00000088                    : BIOS.obj (.text:ti_sysbios_utils_Load_logCPULoad__I)
                  0001632c    00000086     ti.targets.msp430.rts430.ae430X : Text.oe430X (.text:xdc_runtime_Text_putMod__E)
                  000163b2    00000084     sysbios.ae430X : BIOS.obj (.text:ti_sysbios_family_msp430_Hwi_Module_startup__E)
                  00016436    00000082                    : BIOS.obj (.text:ti_sysbios_heaps_HeapMem_getStats__E)
                  000164b8    00000082     ti.targets.msp430.rts430.ae430X : Text.oe430X (.text:xdc_runtime_Text_putLab__E)
                  0001653a    00000080     sysbios.ae430X : BIOS.obj (.text:ti_sysbios_family_msp430_TimestampProvider_get32__E)
                  000165ba    00000080     ti.targets.msp430.rts430.ae430X : Memory.oe430X (.text:xdc_runtime_Memory_alloc__E)
                  0001663a    00000078     sysbios.ae430X : msp430_TaskSupport_asm.obj (.text:_ti_sysbios_family_msp430_TaskSupport_buildTaskStack)
                  000166b2    00000078     ti.targets.msp430.rts430.ae430X : Error.oe430X (.text:xdc_runtime_Error_setX__E)
                  0001672a    00000076                                     : Core-mem.oe430X (.text:xdc_runtime_Core_deleteObject__I)
                  000167a0    00000074     sysbios.ae430X : BIOS.obj (.text:ti_sysbios_knl_Swi_Instance_finalize__E)
                  00016814    00000072                    : BIOS.obj (.text:ti_sysbios_family_msp430_Timer_periodicStub__E)
                  00016886    00000072                    : BIOS.obj (.text:ti_sysbios_heaps_HeapMem_init__I)
                  000168f8    00000070     boot.ae430X : autoinit_wdt.oe430X (.text:_auto_init_hold_wdt)
                  00016968    0000006a     rts430x_lc_rd_eabi.lib : trgdrv.obj (.text:HOSTwrite)
                  000169d2    00000068                            : copy_decompress_rle.obj (.text:__TI_decompress_rle_core)
                  00016a3a    00000068     sysbios.ae430X : BIOS.obj (.text:ti_sysbios_family_msp430_TaskSupport_start__E)
                  00016aa2    00000068     empty_pe430X.oe430X (.text:ti_sysbios_knl_Swi_create)
                  00016b0a    00000068     ti.targets.msp430.rts430.ae430X : Assert.oe430X (.text:xdc_runtime_Assert_raise__I)
                  00016b72    00000066     sysbios.ae430X : BIOS.obj (.text:ti_sysbios_knl_Task_Module_startup__E)
                  00016bd8    00000064                    : BIOS.obj (.text:ti_sysbios_family_msp430_Hwi_postInit__I)
                  00016c3c    00000064     ti.targets.msp430.rts430.ae430X : SysMin.oe430X (.text:xdc_runtime_SysMin_flush__E)
                  00016ca0    00000062     main.obj (.text:genericPriBarrierClkHandler)
                  00016d02    00000060     sysbios.ae430X : BIOS.obj (.text:ti_sysbios_family_msp430_Timer_getFreq__E)
                  00016d62    00000060     ti.uia.loggers.ae430X : LoggerStopMode.oe430X (.text:ti_uia_loggers_LoggerStopMode_initBuffer__I)
                  00016dc2    0000005e     sysbios.ae430X : BIOS.obj (.text:ti_sysbios_family_msp430_Timer_setNextTick__E)
                  00016e20    0000005a     ti.targets.msp430.rts430.ae430X : Text.oe430X (.text:xdc_runtime_Text_visitRope2__I)
                  00016e7a    00000058     rts430x_lc_rd_eabi.lib : div32u.obj (.text)
                  00016ed2    00000056     sysbios.ae430X : BIOS.obj (.text:ti_sysbios_family_msp430_Hwi_getStackInfo__E)
                  00016f28    00000056     ti.uia.loggers.ae430X : LoggerStopMode.oe430X (.text:ti_uia_loggers_LoggerStopMode_reset__E)
                  00016f7e    00000056     ti.targets.msp430.rts430.ae430X : SysMin.oe430X (.text:xdc_runtime_SysMin_putch__E)
                  00016fd4    00000054     sysbios.ae430X : BIOS.obj (.text:ti_sysbios_family_msp430_Timer_start__E)
                  00017028    00000054                    : BIOS.obj (.text:ti_sysbios_knl_Task_processVitalTaskFlag__I)
                  0001707c    00000052                    : BIOS.obj (.text:ti_sysbios_knl_Swi_restore__E)
                  000170ce    00000052     ti.targets.msp430.rts430.ae430X : Startup.oe430X (.text:xdc_runtime_Startup_exec__E)
                  00017120    00000050     sysbios.ae430X : BIOS.obj (.text:ti_sysbios_family_msp430_Timer_initDevice__I)
                  00017170    00000050                    : BIOS.obj (.text:ti_sysbios_utils_Load_updateCurrentThreadTime__E)
                  000171c0    0000004e     ti.targets.msp430.rts430.ae430X : Core-params.oe430X (.text:xdc_runtime_Core_assignParams__I)
                  0001720e    0000004c     ti.catalog.msp430.init.ae430X : Boot.oe430X (.text:.bootCodeSection:ti_catalog_msp430_init_Boot_configureDCO)
                  0001725a    0000004c     main.obj (.text:genericFifoBarrierClkHandler)
                  000172a6    0000004c     sysbios.ae430X : BIOS.obj (.text:ti_sysbios_knl_Event_pendTimeout__I)
                  000172f2    0000004c                    : BIOS.obj (.text:ti_sysbios_knl_Semaphore_pendTimeout__I)
                  0001733e    0000004c     ti.uia.loggers.ae430X : LoggerStopMode.oe430X (.text:ti_uia_loggers_LoggerStopMode_Module_startup__E)
                  0001738a    0000004a     sysbios.ae430X : BIOS.obj (.text:ti_sysbios_family_msp430_Timer_startup__E)
                  000173d4    0000004a                    : BIOS.obj (.text:ti_sysbios_knl_Task_allBlockedFunction__I)
                  0001741e    00000048     main.obj (.text:main)
                  00017466    00000048     sysbios.ae430X : BIOS.obj (.text:ti_sysbios_hal_Hwi_checkStack)
                  000174ae    00000046                    : BIOS.obj (.text:ti_sysbios_family_msp430_Timer_Module_startup__E)
                  000174f4    00000042                    : BIOS.obj (.text:ti_sysbios_family_msp430_Timer_getCount__E)
                  00017536    00000042     empty_pe430X.oe430X (.text:ti_sysbios_gates_GateHwi_Object__create__S)
                  00017578    00000042     empty_pe430X.oe430X (.text:ti_sysbios_gates_GateMutexPri_Object__create__S)
                  000175ba    00000042     empty_pe430X.oe430X (.text:ti_sysbios_gates_GateMutex_Object__create__S)
                  000175fc    00000042     empty_pe430X.oe430X (.text:ti_sysbios_heaps_HeapMem_Object__create__S)
                  0001763e    00000042     sysbios.ae430X : BIOS.obj (.text:ti_sysbios_knl_Clock_addI__E)
                  00017680    00000042     empty_pe430X.oe430X (.text:ti_uia_loggers_LoggerStopMode_Object__create__S)
                  000176c2    00000042     ti.targets.msp430.rts430.ae430X : Text.oe430X (.text:xdc_runtime_Text_xprintf__I)
                  00017704    00000040                                     : Text.oe430X (.text:xdc_runtime_Text_printVisFxn__I)
                  00017744    0000003e     rts430x_lc_rd_eabi.lib : lsl32.obj (.text:l_lsl_const)
                  00017782    0000003e                            : lsr32.obj (.text:l_lsr_const)
                  000177c0    0000003e     empty_pe430X.oe430X (.text:ti_sysbios_knl_Semaphore_construct)
                  000177fe    0000003e     ti.targets.msp430.rts430.ae430X : System.oe430X (.text:xdc_runtime_System_atexit__E)
                  0001783c    0000003c     sysbios.ae430X : BIOS.obj (.text:ti_sysbios_hal_Hwi_initStack)
                  00017878    0000003c     ti.targets.msp430.rts430.ae430X : System.oe430X (.text:xdc_runtime_System_processAtExit__E)
                  000178b4    0000003a     main.obj (.text:oppFifoBarrierShared)
                  000178ee    0000003a     empty_pe430X.oe430X (.text:ti_sysbios_knl_Queue_construct)
                  00017928    0000003a     ti.targets.msp430.rts430.ae430X : System.oe430X (.text:xdc_runtime_System_putchar__I)
                  00017962    00000038     main.obj (.text:gradationLedToggle)
                  0001799a    00000038     sysbios.ae430X : BIOS.obj (.text:ti_sysbios_family_msp430_Hwi53_p2)
                  000179d2    00000038                    : BIOS.obj (.text:ti_sysbios_knl_Swi_dec__E)
                  00017a0a    00000036     rts430x_lc_rd_eabi.lib : trgmsg.obj (.text:__TI_writemsg)
                  00017a40    00000036     ti.targets.msp430.rts430.ae430X : Error.oe430X (.text:xdc_runtime_Error_raiseX__E)
                  00017a76    00000032     ccs-MSP430F5529.lib : ucs.obj (.text:UCS_initFLLSettle)
                  00017aa8    00000032     rts430x_lc_rd_eabi.lib : trgmsg.obj (.text:__TI_readmsg)
                  00017ada    00000032     sysbios.ae430X : BIOS.obj (.text:ti_sysbios_family_msp430_Timer_postInit__I)
                  00017b0c    00000032                    : BIOS.obj (.text:ti_sysbios_family_msp430_Timer_stop__E)
                  00017b3e    00000032                    : msp430_Hwi_switch_asm.obj (.text:ti_sysbios_family_xxx_Hwi_switchAndRunFunc)
                  00017b70    00000032     ti.targets.msp430.rts430.ae430X : Core-label.oe430X (.text:xdc_runtime_Core_assignLabel__I)
                  00017ba2    00000032                                     : SysMin.oe430X (.text:xdc_runtime_SysMin_abort__E)
                  00017bd4    00000032                                     : System.oe430X (.text:xdc_runtime_System_avprintf__E)
                  00017c06    00000032                                     : System.oe430X (.text:xdc_runtime_System_vprintf__E)
                  00017c38    00000030     main.obj (.text:bothLedToggle)
                  00017c68    00000030     sysbios.ae430X : BIOS.obj (.text:ti_sysbios_knl_Queue_put__E)
                  00017c98    00000030                    : BIOS.obj (.text:ti_sysbios_knl_Task_restore__E)
                  00017cc8    0000002e     rts430x_lc_rd_eabi.lib : exit.obj (.text:exit)
                  00017cf6    0000002e     sysbios.ae430X : BIOS.obj (.text:ti_sysbios_gates_GateMutexPri_insertPri__I)
                  00017d24    0000002e                    : BIOS.obj (.text:ti_sysbios_knl_Task_sleepTimeout__I)
                  00017d52    0000002c     empty_pe430X.oe430X (.text:ti_sysbios_knl_Clock_doTick__I)
                  00017d7e    0000002c     sysbios.ae430X : BIOS.obj (.text:ti_sysbios_utils_Load_updateThreadContexts__E)
                  00017daa    0000002a     main.obj (.text:ledToggle)
                  00017dd4    0000002a     empty_pe430X.oe430X (.text:ti_sysbios_BIOS_atExitFunc__I)
                  00017dfe    0000002a     empty_pe430X.oe430X (.text:ti_sysbios_family_msp430_Hwi_Object__get__S)
                  00017e28    0000002a     empty_pe430X.oe430X (.text:ti_sysbios_heaps_HeapMem_Object__get__S)
                  00017e52    0000002a     sysbios.ae430X : BIOS.obj (.text:ti_sysbios_knl_Clock_Module_startup__E)
                  00017e7c    0000002a     empty_pe430X.oe430X (.text:ti_sysbios_knl_Swi_Object__get__S)
                  00017ea6    0000002a     empty_pe430X.oe430X (.text:ti_sysbios_knl_Task_Object__get__S)
                  00017ed0    0000002a     empty_pe430X.oe430X (.text:ti_uia_loggers_LoggerStopMode_Object__get__S)
                  00017efa    0000002a     empty_pe430X.oe430X (.text:xdc_runtime_SysMin_output__I)
                  00017f24    00000028     ccs-MSP430F5529.lib : gpio.obj (.text:GPIO_setAsOutputPin)
                  00017f4c    00000028     empty_pe430X.oe430X (.text:ti_sysbios_BIOS_errorRaiseHook__I)
                  00017f74    00000028     sysbios.ae430X : BIOS.obj (.text:ti_sysbios_knl_Queue_get__E)
                  00017f9c    00000028     ti.targets.msp430.rts430.ae430X : Text.oe430X (.text:xdc_runtime_Text_cordText__E)
                  00017fc4    00000026     empty_pe430X.oe430X (.text:ti_sysbios_gates_GateMutexPri_Object__delete__S)
                  00017fea    00000026     empty_pe430X.oe430X (.text:ti_sysbios_gates_GateMutex_Object__delete__S)
                  00018010    00000026     sysbios.ae430X : BIOS.obj (.text:ti_sysbios_knl_Swi_Module_startup__E)
                  00018036    00000026     empty_pe430X.oe430X (.text:ti_sysbios_knl_Swi_Object__delete__S)
                  0001805c    00000024     rts430x_lc_rd_eabi.lib : copy_zero_init.obj (.text:decompress:ZI:__TI_zero_init)
                  00018080    00000024     empty_pe430X.oe430X (.text:ti_sysbios_BIOS_rtsLock__I)
                  000180a4    00000024     empty_pe430X.oe430X (.text:ti_sysbios_gates_GateHwi_Object__delete__S)
                  000180c8    00000024     empty_pe430X.oe430X (.text:ti_sysbios_heaps_HeapMem_Object__delete__S)
                  000180ec    00000024     ti.uia.loggers.ae430X : LoggerStopMode.oe430X (.text:ti_uia_loggers_LoggerStopMode_Instance_init__E)
                  00018110    00000024     empty_pe430X.oe430X (.text:ti_uia_loggers_LoggerStopMode_Object__delete__S)
                  00018134    00000022     rts430x_lc_rd_eabi.lib : mult32_f5hw.obj (.text)
                  00018156    00000022     sysbios.ae430X : BIOS.obj (.text:ti_sysbios_gates_GateMutexPri_Instance_init__E)
                  00018178    00000022                    : BIOS.obj (.text:ti_sysbios_gates_GateMutex_Instance_init__E)
                  0001819a    00000022                    : BIOS.obj (.text:ti_sysbios_gates_GateMutex_leave__E)
                  000181bc    00000022                    : BIOS.obj (.text:ti_sysbios_knl_Clock_startI__E)
                  000181de    00000022                    : BIOS.obj (.text:ti_sysbios_knl_Idle_run__E)
                  00018200    00000022                    : BIOS.obj (.text:ti_sysbios_knl_Task_restoreHwi__E)
                  00018222    00000022                    : BIOS.obj (.text:ti_sysbios_knl_Task_unblock__E)
                  00018244    00000022     ti.uia.loggers.ae430X : LoggerStopMode.oe430X (.text:ti_uia_loggers_LoggerStopMode_disable__E)
                  00018266    00000022                           : LoggerStopMode.oe430X (.text:ti_uia_loggers_LoggerStopMode_enable__E)
                  00018288    00000022     ti.targets.msp430.rts430.ae430X : Memory.oe430X (.text:xdc_runtime_Memory_valloc__E)
                  000182aa    00000020     sysbios.ae430X : BIOS.obj (.text:ti_sysbios_knl_Task_block__E)
                  000182ca    00000020     ti.targets.msp430.rts430.ae430X : Error.oe430X (.text:xdc_runtime_Error_check__E)
                  000182ea    0000001e     empty_pe430X.oe430X (.text:ti_sysbios_BIOS_rtsUnlock__I)
                  00018308    0000001e     empty_pe430X.oe430X (.text:ti_sysbios_family_msp430_Timer_Module__startupDone__F)
                  00018326    0000001e     empty_pe430X.oe430X (.text:ti_sysbios_gates_GateHwi_Handle__label__S)
                  00018344    0000001e     empty_pe430X.oe430X (.text:ti_sysbios_gates_GateMutexPri_Handle__label__S)
                  00018362    0000001e     empty_pe430X.oe430X (.text:ti_sysbios_gates_GateMutex_Handle__label__S)
                  00018380    0000001e     empty_pe430X.oe430X (.text:ti_sysbios_heaps_HeapMem_Handle__label__S)
                  0001839e    0000001e     sysbios.ae430X : BIOS.obj (.text:ti_sysbios_knl_Task_enter__I)
                  000183bc    0000001e     empty_pe430X.oe430X (.text:ti_uia_loggers_LoggerStopMode_Handle__label__S)
                  000183da    0000001c     ccs-MSP430F5529.lib : gpio.obj (.text:GPIO_setOutputLowOnPin)
                  000183f6    0000001c                         : gpio.obj (.text:GPIO_toggleOutputOnPin)
                  00018412    0000001c     sysbios.ae430X : msp430_TaskSupport_asm.obj (.text:_ti_sysbios_family_msp430_TaskSupport_swap__E)
                  0001842e    0000001c     empty_pe430X.oe430X (.text:ti_sysbios_BIOS_startFunc__I)
                  0001844a    0000001c     empty_pe430X.oe430X (.text:ti_sysbios_family_msp430_Hwi_Module__startupDone__F)
                  00018466    0000001c     empty_pe430X.oe430X (.text:ti_sysbios_knl_Queue_Object__get__S)
                  00018482    0000001c     ti.targets.msp430.rts430.ae430X : Registry.oe430X (.text:xdc_runtime_Registry_findById__E)
                  0001849e    0000001c                                     : SysMin.oe430X (.text:xdc_runtime_SysMin_Module_startup__E)
                  000184ba    0000001a     ccs-MSP430F5529.lib : wdt_a.obj (.text:WDT_A_hold)
                  000184d4    0000001a     empty_pe430X.oe430X (.text:ti_sysbios_BIOS_exitFunc__I)
                  000184ee    0000001a     empty_pe430X.oe430X (.text:ti_sysbios_BIOS_registerRTSLock__I)
                  00018508    0000001a     empty_pe430X.oe430X (.text:ti_sysbios_BIOS_removeRTSLock__I)
                  00018522    0000001a     sysbios.ae430X : BIOS.obj (.text:ti_sysbios_family_msp430_TimestampProvider_get64__E)
                  0001853c    0000001a                    : BIOS.obj (.text:ti_sysbios_knl_Event_checkEvents__I)
                  00018556    0000001a     empty_pe430X.oe430X (.text:ti_sysbios_knl_Semaphore_Object__destruct__S)
                  00018570    0000001a     ti.uia.loggers.ae430X : LoggerStopMode.oe430X (.text:ti_uia_loggers_LoggerStopMode_isEmpty__E)
                  0001858a    0000001a     ti.targets.msp430.rts430.ae430X : System.oe430X (.text:xdc_runtime_System_vsnprintf__E)
                  000185a4    00000018     main.obj (.text:delay)
                  000185bc    00000018     sysbios.ae430X : BIOS.obj (.text:ti_sysbios_BIOS_setThreadType__E)
                  000185d4    00000018     empty_pe430X.oe430X (.text:ti_sysbios_knl_Queue_Object__destruct__S)
                  000185ec    00000016     rts430x_lc_rd_eabi.lib : memset.obj (.text:memset)
                  00018602    00000016                            : div16u.obj (.text)
                  00018618    00000016                            : mult16_f5hw.obj (.text)
                  0001862e    00000016     sysbios.ae430X : BIOS.obj (.text:ti_sysbios_knl_Queue_remove__E)
                  00018644    00000016                    : BIOS.obj (.text:ti_sysbios_knl_Task_enabled__E)
                  0001865a    00000016     ti.targets.msp430.rts430.ae430X : SysMin.oe430X (.text:xdc_runtime_SysMin_exit__E)
                  00018670    00000016                                     : System.oe430X (.text:xdc_runtime_System_abort__E)
                  00018686    00000014     rts430x_lc_rd_eabi.lib : memcpy.obj (.text:memcpy)
                  0001869a    00000014     ti.targets.msp430.rts430.ae430X : Memory.oe430X (.text:xdc_runtime_Memory_calloc__E)
                  000186ae    00000014     empty_pe430X.oe430X (.text:xdc_runtime_Startup_exec__I)
                  000186c2    00000014     ti.targets.msp430.rts430.ae430X : Text.oe430X (.text:xdc_runtime_Text_ropeText__E)
                  000186d6    00000012     rts430x_lc_rd_eabi.lib : copy_decompress_none.obj (.text:decompress:none:__TI_decompress_none)
                  000186e8    00000012     sysbios.ae430X : BIOS.obj (.text:ti_sysbios_gates_GateHwi_leave__E)
                  000186fa    00000012                    : BIOS.obj (.text:ti_sysbios_gates_GateMutexPri_Instance_finalize__E)
                  0001870c    00000012                    : BIOS.obj (.text:ti_sysbios_gates_GateMutex_Instance_finalize__E)
                  0001871e    00000012                    : BIOS.obj (.text:ti_sysbios_knl_Semaphore_Instance_finalize__E)
                  00018730    00000012     empty_pe430X.oe430X (.text:xdc_runtime_System_aprintf__E)
                  00018742    00000012     ti.targets.msp430.rts430.ae430X : System.oe430X (.text:xdc_runtime_System_exit__E)
                  00018754    00000012     empty_pe430X.oe430X (.text:xdc_runtime_System_printf__E)
                  00018766    00000010     sysbios.ae430X : msp430_TaskSupport_asm.obj (.text:_ti_sysbios_family_msp430_TaskSupport_glue)
                  00018776    00000010                    : BIOS.obj (.text:ti_sysbios_family_msp430_TaskSupport_checkStack__E)
                  00018786    00000010                    : BIOS.obj (.text:ti_sysbios_hal_Hwi_Module_startup__E)
                  00018796    00000010     ti.targets.msp430.rts430.ae430X : Error.oe430X (.text:xdc_runtime_Error_init__E)
                  000187a6    00000010     empty_pe430X.oe430X (.text:xdc_runtime_Text_visitRope__I)
                  000187b6    0000000e     rts430x_lc_rd_eabi.lib : strlen.obj (.text:strlen)
                  000187c4    0000000e     sysbios.ae430X : BIOS.obj (.text:ti_sysbios_family_msp430_Timer_getMaxTicks__E)
                  000187d2    0000000e                    : BIOS.obj (.text:ti_sysbios_knl_Queue_empty__E)
                  000187e0    0000000e                    : BIOS.obj (.text:ti_sysbios_knl_Swi_disable__E)
                  000187ee    0000000e                    : BIOS.obj (.text:ti_sysbios_knl_Task_disable__E)
                  000187fc    0000000e     ti.targets.msp430.rts430.ae430X : SysMin.oe430X (.text:xdc_runtime_SysMin_ready__E)
                  0001880a    0000000c     empty_pe430X.oe430X (.text:.bootCodeSection:ti_catalog_msp430_init_Boot_init)
                  00018816    0000000c     empty_pe430X.oe430X (.text:ti_sysbios_knl_Swi_Params__init__S)
                  00018822    0000000c     ti.targets.msp430.rts430.ae430X : Gate.oe430X (.text:xdc_runtime_Gate_leaveSystem__E)
                  0001882e    0000000c                                     : Memory.oe430X (.text:xdc_runtime_Memory_free__E)
                  0001883a    0000000a     rts430x_lc_rd_eabi.lib : lsl16.obj (.text)
                  00018844    0000000a     sysbios.ae430X : BIOS.obj (.text:ti_sysbios_BIOS_start__E)
                  0001884e    0000000a                    : BIOS.obj (.text:ti_sysbios_family_msp430_Hwi_startup__E)
                  00018858    0000000a                    : BIOS.obj (.text:ti_sysbios_family_msp430_TimestampProvider_getFreq__E)
                  00018862    0000000a                    : BIOS.obj (.text:ti_sysbios_gates_GateHwi_enter__E)
                  0001886c    0000000a                    : BIOS.obj (.text:ti_sysbios_knl_Queue_Instance_init__E)
                  00018876    0000000a                    : BIOS.obj (.text:ti_sysbios_knl_Task_self__E)
                  00018880    00000008     ti.catalog.msp430.init.ae430X : Boot.oe430X (.text:.bootCodeSection:ti_catalog_msp430_init_Boot_disableWatchdog)
                  00018888    00000008     ti.targets.msp430.rts430.ae430X : xdc_init.oe430X (.text:__xdc__init)
                  00018890    00000008     main.obj (.text:makeMaintanceLivenessLoopTrue)
                  00018898    00000008     sysbios.ae430X : BIOS.obj (.text:ti_sysbios_family_msp430_Hwi_switchFromBootStack__E)
                  000188a0    00000008                    : BIOS.obj (.text:ti_sysbios_family_msp430_Timer_getPeriod__E)
                  000188a8    00000008     ti.targets.msp430.rts430.ae430X : Gate.oe430X (.text:xdc_runtime_Gate_enterSystem__E)
                  000188b0    00000008     empty_pe430X.oe430X (.text:xdc_runtime_IHeap_alloc)
                  000188b8    00000008     empty_pe430X.oe430X (.text:xdc_runtime_IHeap_free)
                  000188c0    00000008     ti.targets.msp430.rts430.ae430X : Memory.oe430X (.text:xdc_runtime_Memory_getMaxDefaultTypeAlign__E)
                  000188c8    00000006     rts430x_lc_rd_eabi.lib : _lock.obj (.text:_register_lock)
                  000188ce    00000006                            : _lock.obj (.text:_register_unlock)
                  000188d4    00000006                            : copy_decompress_rle.obj (.text:decompress:rle24:__TI_decompress_rle24)
                  000188da    00000006     sysbios.ae430X : BIOS.obj (.text:ti_sysbios_heaps_HeapMem_isBlocking__E)
                  000188e0    00000006                    : BIOS.obj (.text:ti_sysbios_knl_Clock_stop__E)
                  000188e6    00000006                    : BIOS.obj (.text:ti_sysbios_knl_Idle_loop__E)
                  000188ec    00000006                    : BIOS.obj (.text:ti_sysbios_knl_Swi_startup__E)
                  000188f2    00000006                    : BIOS.obj (.text:ti_sysbios_knl_Task_getEnv__E)
                  000188f8    00000006                    : BIOS.obj (.text:ti_sysbios_knl_Task_getPri__E)
                  000188fe    00000006                    : BIOS.obj (.text:ti_sysbios_knl_Task_setEnv__E)
                  00018904    00000006     ti.uia.loggers.ae430X : LoggerStopMode.oe430X (.text:ti_uia_loggers_LoggerStopMode_getInstanceId__E)
                  0001890a    00000006                           : LoggerStopMode.oe430X (.text:ti_uia_loggers_LoggerStopMode_getMaxLength__E)
                  00018910    00000006     ti.targets.msp430.rts430.ae430X : Error.oe430X (.text:xdc_runtime_Error_getSite__E)
                  00018916    00000004     boot.ae430X : pre_init.oe430X (.text:_system_pre_init)
                  0001891a    00000004     rts430x_lc_rd_eabi.lib : exit.obj (.text:abort)
                  0001891e    00000004     empty_pe430X.oe430X (.text:ti_sysbios_BIOS_RtsGateProxy_enter__E)
                  00018922    00000004     empty_pe430X.oe430X (.text:ti_sysbios_BIOS_RtsGateProxy_leave__E)
                  00018926    00000004     empty_pe430X.oe430X (.text:ti_sysbios_family_msp430_TaskSupport_Module__startupDone__S)
                  0001892a    00000004     sysbios.ae430X : BIOS.obj (.text:ti_sysbios_gates_GateHwi_query__E)
                  0001892e    00000004                    : BIOS.obj (.text:ti_sysbios_gates_GateMutexPri_query__E)
                  00018932    00000004                    : BIOS.obj (.text:ti_sysbios_gates_GateMutex_query__E)
                  00018936    00000004     empty_pe430X.oe430X (.text:ti_sysbios_heaps_HeapMem_Module_GateProxy_enter__E)
                  0001893a    00000004     empty_pe430X.oe430X (.text:ti_sysbios_heaps_HeapMem_Module_GateProxy_leave__E)
                  0001893e    00000004     empty_pe430X.oe430X (.text:ti_sysbios_knl_Clock_TimerProxy_getMaxTicks__E)
                  00018942    00000004     empty_pe430X.oe430X (.text:ti_sysbios_knl_Clock_TimerProxy_getPeriod__E)
                  00018946    00000004     empty_pe430X.oe430X (.text:ti_sysbios_knl_Queue_destruct)
                  0001894a    00000004     sysbios.ae430X : BIOS.obj (.text:ti_sysbios_knl_Queue_head__E)
                  0001894e    00000004                    : BIOS.obj (.text:ti_sysbios_knl_Queue_next__E)
                  00018952    00000004     empty_pe430X.oe430X (.text:ti_sysbios_knl_Semaphore_destruct)
                  00018956    00000004     empty_pe430X.oe430X (.text:ti_sysbios_knl_Swi_delete)
                  0001895a    00000004     sysbios.ae430X : BIOS.obj (.text:ti_sysbios_knl_Task_startup__E)
                  0001895e    00000004     ti.uia.loggers.ae430X : LoggerStopMode.oe430X (.text:ti_uia_loggers_LoggerStopMode_getContents__E)
                  00018962    00000004     empty_pe430X.oe430X (.text:ti_uia_loggers_LoggerStopMode_getFilterLevel__E)
                  00018966    00000004     ti.uia.loggers.ae430X : LoggerStopMode.oe430X (.text:ti_uia_loggers_LoggerStopMode_getPriority__E)
                  0001896a    00000004                           : LoggerStopMode.oe430X (.text:ti_uia_loggers_LoggerStopMode_getTransferType__E)
                  0001896e    00000004     empty_pe430X.oe430X (.text:xdc_runtime_System_Module_GateProxy_enter__E)
                  00018972    00000004     empty_pe430X.oe430X (.text:xdc_runtime_System_Module_GateProxy_leave__E)
                  00018976    00000004     ti.targets.msp430.rts430.ae430X : System.oe430X (.text:xdc_runtime_System_Module_startup__E)
                  0001897a    00000002     rts430x_lc_rd_eabi.lib : _lock.obj (.text:_nop)
                  0001897c    00000002     empty_pe430X.oe430X (.text:ti_sysbios_BIOS_nullFunc__I)
                  0001897e    00000002     sysbios.ae430X : BIOS.obj (.text:ti_sysbios_gates_GateHwi_Instance_init__E)
                  00018980    00000002     empty_pe430X.oe430X (.text:ti_uia_loggers_LoggerStopMode_setFilterLevel__E)
                  00018982    00000002     ti.uia.loggers.ae430X : LoggerStopMode.oe430X (.text:ti_uia_loggers_LoggerStopMode_setPriority__E)


LINKER GENERATED COPY TABLES

__TI_cinit_table @ 0001b698 records: 3, size/record: 8, table size: 24
	.data: load addr=0001b164, load size=0000051b bytes, run addr=00003624, run size=00000766 bytes, compression=rle
	.bss: load addr=0001b68c, load size=00000006 bytes, run addr=00002400, run size=00001224 bytes, compression=zero_init
	.cio: load addr=0001b692, load size=00000006 bytes, run addr=00003d8a, run size=00000120 bytes, compression=zero_init


LINKER GENERATED HANDLER TABLE

__TI_handler_table @ 0001b680 records: 3, size/record: 4, table size: 12
	index: 0, handler: __TI_zero_init
	index: 1, handler: __TI_decompress_rle24
	index: 2, handler: __TI_decompress_none


GLOBAL SYMBOLS: SORTED ALPHABETICALLY BY Name 

address   name                                                               
-------   ----                                                               
00000700  ADC12CTL0                                                          
00000701  ADC12CTL0_H                                                        
00000700  ADC12CTL0_L                                                        
[...]
00018980  ti_uia_loggers_LoggerStopMode_setFilterLevel__E                    
00018982  ti_uia_loggers_LoggerStopMode_setPriority__E                       
00018984  xdc_runtime_Text_charTab__A                                        
0001a91a  xdc_runtime_Text_nodeTab__A                                        
0001aa02  ti_uia_loggers_LoggerStopMode_Module__FXNS__C                      
0001aab8  BarrierOppClk1                                                     
0001aabc  BarrierOppSem1                                                     
0001aac0  CargoVessel                                                        
0001aac4  OilTankerVessel                                                    
0001aac8  mailVessel                                                         
0001aacc  ledSpecQ                                                           
0001aad0  vesselReqEvt                                                       
0001aad4  timeSharingClk                                                     
0001aad8  ledSrvTask                                                         
0001aadc  BarrierFIFOClk3                                                    
0001aae0  BarrierFIFOSem3                                                    
0001aae4  gateMutexPri0                                                      
0001aae8  gateMutexPri1                                                      
0001aaec  BarrierOppClk5                                                     
0001aaf0  BarrierOppSem5                                                     
0001aaf4  BarrierFIFOClk7                                                    
0001aaf8  BarrierFIFOSem7                                                    
0001aafc  MaintenanceShip                                                    
0001ab00  endPointMutex                                                      
0001ab8e  vesselNames                                                        
0001abe6  xdc_runtime_Startup_sfxnTab__A                                     
0001ac0e  ti_sysbios_heaps_HeapMem_Module__FXNS__C                           
0001ac34  ti_sysbios_gates_GateHwi_Module__FXNS__C                           
0001ac56  ti_sysbios_gates_GateMutexPri_Module__FXNS__C                      
0001ac78  ti_sysbios_gates_GateMutex_Module__FXNS__C                         
0001ac9a  IntrinsicsSupport_maxbitTable                                      
0001acba  ti_sysbios_knl_Swi_Object__PARAMS__C                               
0001acda  ti_uia_loggers_LoggerStopMode_Object__PARAMS__C                    
0001acfa  ti_sysbios_heaps_HeapMem_Object__PARAMS__C                         
0001ad34  ti_sysbios_knl_Semaphore_Object__PARAMS__C                         
0001ad50  ti_sysbios_gates_GateHwi_Object__DESC__C                           
0001ad68  ti_sysbios_gates_GateMutexPri_Object__DESC__C                      
0001ad80  ti_sysbios_gates_GateMutex_Object__DESC__C                         
0001ad98  ti_sysbios_heaps_HeapMem_Object__DESC__C                           
0001adb0  ti_sysbios_knl_Queue_Object__DESC__C                               
0001adc8  ti_sysbios_knl_Semaphore_Object__DESC__C                           
0001ade0  ti_sysbios_knl_Swi_Object__DESC__C                                 
0001adf8  ti_uia_loggers_LoggerStopMode_Object__DESC__C                      
0001ae10  ti_sysbios_gates_GateHwi_Object__PARAMS__C                         
0001ae24  ti_sysbios_gates_GateMutexPri_Object__PARAMS__C                    
0001ae38  ti_sysbios_gates_GateMutex_Object__PARAMS__C                       
0001ae4c  ti_sysbios_knl_Queue_Object__PARAMS__C                             
0001ae60  xdc_runtime_Startup_sfxnRts__A                                     
0001ae86  mapPoints                                                          
0001ae9e  ti_sysbios_knl_Idle_funcList__A                                    
0001aea6  xdc_runtime_Startup_firstFxns__A                                   
0001aeb4  ti_sysbios_family_msp430_Hwi_hooks__C                              
0001aeba  ti_sysbios_knl_Idle_funcList__C                                    
0001aec0  vesselPriorities                                                   
0001aec6  xdc_runtime_Startup_firstFxns__C                                   
0001aecc  xdc_runtime_Startup_lastFxns__C                                    
0001aed2  ti_sysbios_family_msp430_TimestampProvider_Module__diagsEnabled__C 
0001aed6  ti_sysbios_family_msp430_TimestampProvider_Module__diagsIncluded__C
0001aeda  ti_sysbios_family_msp430_TimestampProvider_Module__diagsMask__C    
0001aede  ti_sysbios_gates_GateMutexPri_A_badContext__C                      
0001aee2  ti_sysbios_gates_GateMutexPri_A_enterTaskDisabled__C               
0001aee6  ti_sysbios_gates_GateMutexPri_Module__diagsEnabled__C              
0001aeea  ti_sysbios_gates_GateMutexPri_Module__diagsIncluded__C             
0001aeee  ti_sysbios_gates_GateMutexPri_Module__diagsMask__C                 
0001aef2  ti_sysbios_gates_GateMutex_A_badContext__C                         
0001aef6  ti_sysbios_gates_GateMutex_Module__diagsEnabled__C                 
0001aefa  ti_sysbios_gates_GateMutex_Module__diagsIncluded__C                
0001aefe  ti_sysbios_gates_GateMutex_Module__diagsMask__C                    
0001af02  ti_sysbios_hal_Hwi_E_stackOverflow__C                              
0001af06  ti_sysbios_heaps_HeapMem_A_align__C                                
0001af0a  ti_sysbios_heaps_HeapMem_A_heapSize__C                             
0001af0e  ti_sysbios_heaps_HeapMem_A_invalidFree__C                          
0001af12  ti_sysbios_heaps_HeapMem_A_zeroBlock__C                            
0001af16  ti_sysbios_heaps_HeapMem_E_memory__C                               
0001af1a  ti_sysbios_heaps_HeapMem_Module__diagsEnabled__C                   
0001af1e  ti_sysbios_heaps_HeapMem_Module__diagsIncluded__C                  
0001af22  ti_sysbios_heaps_HeapMem_Module__diagsMask__C                      
0001af26  ti_sysbios_heaps_HeapMem_Module__gateObj__C                        
0001af2a  ti_sysbios_knl_Clock_LM_begin__C                                   
0001af2e  ti_sysbios_knl_Clock_LM_tick__C                                    
0001af32  ti_sysbios_knl_Clock_LW_delayed__C                                 
0001af36  ti_sysbios_knl_Clock_Module__diagsEnabled__C                       
0001af3a  ti_sysbios_knl_Clock_Module__diagsIncluded__C                      
0001af3e  ti_sysbios_knl_Clock_Module__diagsMask__C                          
0001af42  ti_sysbios_knl_Clock_Module__loggerFxn1__C                         
0001af46  ti_sysbios_knl_Clock_Module__loggerFxn2__C                         
0001af4a  ti_sysbios_knl_Clock_Module__loggerObj__C                          
0001af4e  ti_sysbios_knl_Event_A_badContext__C                               
0001af52  ti_sysbios_knl_Event_A_eventInUse__C                               
0001af56  ti_sysbios_knl_Event_A_nullEventId__C                              
0001af5a  ti_sysbios_knl_Event_A_nullEventMasks__C                           
0001af5e  ti_sysbios_knl_Event_A_pendTaskDisabled__C                         
0001af62  ti_sysbios_knl_Event_LM_pend__C                                    
0001af66  ti_sysbios_knl_Event_LM_post__C                                    
0001af6a  ti_sysbios_knl_Event_Module__diagsEnabled__C                       
0001af6e  ti_sysbios_knl_Event_Module__diagsIncluded__C                      
0001af72  ti_sysbios_knl_Event_Module__diagsMask__C                          
0001af76  ti_sysbios_knl_Event_Module__loggerFxn4__C                         
0001af7a  ti_sysbios_knl_Event_Module__loggerFxn8__C                         
0001af7e  ti_sysbios_knl_Event_Module__loggerObj__C                          
0001af82  ti_sysbios_knl_Semaphore_A_badContext__C                           
0001af86  ti_sysbios_knl_Semaphore_A_noEvents__C                             
0001af8a  ti_sysbios_knl_Semaphore_A_overflow__C                             
0001af8e  ti_sysbios_knl_Semaphore_A_pendTaskDisabled__C                     
0001af92  ti_sysbios_knl_Semaphore_LM_pend__C                                
0001af96  ti_sysbios_knl_Semaphore_LM_post__C                                
0001af9a  ti_sysbios_knl_Semaphore_Module__diagsEnabled__C                   
0001af9e  ti_sysbios_knl_Semaphore_Module__diagsIncluded__C                  
0001afa2  ti_sysbios_knl_Semaphore_Module__diagsMask__C                      
0001afa6  ti_sysbios_knl_Semaphore_Module__loggerFxn2__C                     
0001afaa  ti_sysbios_knl_Semaphore_Module__loggerFxn4__C                     
0001afae  ti_sysbios_knl_Semaphore_Module__loggerObj__C                      
0001afb2  ti_sysbios_knl_Swi_A_badPriority__C                                
0001afb6  ti_sysbios_knl_Swi_LD_end__C                                       
0001afba  ti_sysbios_knl_Swi_LM_begin__C                                     
0001afbe  ti_sysbios_knl_Swi_LM_post__C                                      
0001afc2  ti_sysbios_knl_Swi_Module__diagsEnabled__C                         
0001afc6  ti_sysbios_knl_Swi_Module__diagsIncluded__C                        
0001afca  ti_sysbios_knl_Swi_Module__diagsMask__C                            
0001afce  ti_sysbios_knl_Swi_Module__loggerFxn1__C                           
0001afd2  ti_sysbios_knl_Swi_Module__loggerFxn4__C                           
0001afd6  ti_sysbios_knl_Swi_Module__loggerObj__C                            
0001afda  ti_sysbios_knl_Task_A_badPriority__C                               
0001afde  ti_sysbios_knl_Task_A_badTimeout__C                                
0001afe2  ti_sysbios_knl_Task_A_sleepTaskDisabled__C                         
0001afe6  ti_sysbios_knl_Task_E_spOutOfBounds__C                             
0001afea  ti_sysbios_knl_Task_E_stackOverflow__C                             
0001afee  ti_sysbios_knl_Task_LD_block__C                                    
0001aff2  ti_sysbios_knl_Task_LD_exit__C                                     
0001aff6  ti_sysbios_knl_Task_LD_ready__C                                    
0001affa  ti_sysbios_knl_Task_LM_setPri__C                                   
0001affe  ti_sysbios_knl_Task_LM_sleep__C                                    
0001b002  ti_sysbios_knl_Task_LM_switch__C                                   
0001b006  ti_sysbios_knl_Task_LM_yield__C                                    
0001b00a  ti_sysbios_knl_Task_Module__diagsEnabled__C                        
0001b00e  ti_sysbios_knl_Task_Module__diagsIncluded__C                       
0001b012  ti_sysbios_knl_Task_Module__diagsMask__C                           
0001b016  ti_sysbios_knl_Task_Module__loggerFxn2__C                          
0001b01a  ti_sysbios_knl_Task_Module__loggerFxn4__C                          
0001b01e  ti_sysbios_knl_Task_Module__loggerObj__C                           
0001b022  ti_sysbios_knl_Task_allBlockedFunc__C                              
0001b026  ti_sysbios_utils_Load_LS_cpuLoad__C                                
0001b02a  ti_sysbios_utils_Load_Module__diagsEnabled__C                      
0001b02e  ti_sysbios_utils_Load_Module__diagsIncluded__C                     
0001b032  ti_sysbios_utils_Load_Module__diagsMask__C                         
0001b036  ti_sysbios_utils_Load_Module__loggerFxn1__C                        
0001b03a  ti_sysbios_utils_Load_Module__loggerObj__C                         
0001b03e  ti_sysbios_utils_Load_postUpdate__C                                
0001b042  ti_uia_loggers_LoggerStopMode_Module__diagsEnabled__C              
0001b046  ti_uia_loggers_LoggerStopMode_Module__diagsIncluded__C             
0001b04a  ti_uia_loggers_LoggerStopMode_Module__diagsMask__C                 
0001b04e  ti_uia_runtime_ILoggerSnapshot_Interface__BASE__C                  
0001b052  ti_uia_runtime_IUIATransfer_Interface__BASE__C                     
0001b056  xdc_runtime_Assert_E_assertFailed__C                               
0001b05a  xdc_runtime_Core_A_initializedParams__C                            
0001b05e  xdc_runtime_Core_Module__diagsEnabled__C                           
0001b062  xdc_runtime_Core_Module__diagsIncluded__C                          
0001b066  xdc_runtime_Core_Module__diagsMask__C                              
0001b06a  xdc_runtime_Error_E_memory__C                                      
0001b06e  xdc_runtime_Error_Module__diagsEnabled__C                          
0001b072  xdc_runtime_Error_Module__diagsIncluded__C                         
0001b076  xdc_runtime_Error_Module__diagsMask__C                             
0001b07a  xdc_runtime_Error_Module__loggerFxn8__C                            
0001b07e  xdc_runtime_Error_Module__loggerObj__C                             
0001b082  xdc_runtime_Error_policyFxn__C                                     
0001b086  xdc_runtime_Error_raiseHook__C                                     
0001b08a  xdc_runtime_IFilterLogger_Interface__BASE__C                       
0001b08e  xdc_runtime_IGateProvider_Interface__BASE__C                       
0001b092  xdc_runtime_IHeap_Interface__BASE__C                               
0001b096  xdc_runtime_ILogger_Interface__BASE__C                             
0001b09a  xdc_runtime_IModule_Interface__BASE__C                             
0001b09e  xdc_runtime_Log_L_error__C                                         
0001b0a2  xdc_runtime_Log_L_info__C                                          
0001b0a6  xdc_runtime_Main_Module__diagsEnabled__C                           
0001b0aa  xdc_runtime_Main_Module__diagsIncluded__C                          
0001b0ae  xdc_runtime_Main_Module__diagsMask__C                              
0001b0b2  xdc_runtime_Main_Module__loggerFxn4__C                             
0001b0b6  xdc_runtime_Main_Module__loggerFxn8__C                             
0001b0ba  xdc_runtime_Main_Module__loggerObj__C                              
0001b0be  xdc_runtime_Memory_defaultHeapInstance__C                          
0001b0c2  xdc_runtime_Startup_execImpl__C                                    
0001b0c6  xdc_runtime_Startup_sfxnRts__C                                     
0001b0ca  xdc_runtime_Startup_sfxnTab__C                                     
0001b0ce  xdc_runtime_SysMin_outputFunc__C                                   
0001b0d2  xdc_runtime_System_Module__gateObj__C                              
0001b0d6  xdc_runtime_System_abortFxn__C                                     
0001b0da  xdc_runtime_System_exitFxn__C                                      
0001b0de  xdc_runtime_System_extendFxn__C                                    
0001b0e2  xdc_runtime_Text_charTab__C                                        
0001b0e6  xdc_runtime_Text_nameEmpty__C                                      
0001b0ea  xdc_runtime_Text_nameStatic__C                                     
0001b0ee  xdc_runtime_Text_nameUnknown__C                                    
0001b0f2  xdc_runtime_Text_nodeTab__C                                        
0001b0f6  xdc_runtime_Text_visitRopeFxn__C                                   
0001b0fa  ti_sysbios_family_msp430_Hwi_Object__count__C                      
0001b0fc  ti_sysbios_family_msp430_Timer_numTimerDevices__C                  
0001b0fe  ti_sysbios_family_msp430_Timer_startupNeeded__C                    
0001b100  ti_sysbios_family_msp430_TimestampProvider_Module__id__C           
0001b102  ti_sysbios_family_msp430_TimestampProvider_useClockTimer__C        
0001b104  ti_sysbios_gates_GateMutexPri_Instance_State_pendQ__O              
0001b106  ti_sysbios_gates_GateMutexPri_Module__id__C                        
0001b108  ti_sysbios_gates_GateMutex_Instance_State_sem__O                   
0001b10a  ti_sysbios_gates_GateMutex_Module__id__C                           
0001b10c  ti_sysbios_hal_Hwi_Module__id__C                                   
0001b10e  ti_sysbios_heaps_HeapMem_Module__id__C                             
0001b110  ti_sysbios_heaps_HeapMem_Object__count__C                          
0001b112  ti_sysbios_heaps_HeapMem_reqAlign__C                               
0001b114  ti_sysbios_knl_Clock_Module_State_clockQ__O                        
0001b116  ti_sysbios_knl_Clock_Module__id__C                                 
0001b118  ti_sysbios_knl_Clock_Module__loggerDefined__C                      
0001b11a  ti_sysbios_knl_Event_Instance_State_pendQ__O                       
0001b11c  ti_sysbios_knl_Event_Module__id__C                                 
0001b11e  ti_sysbios_knl_Event_Module__loggerDefined__C                      
0001b120  ti_sysbios_knl_Semaphore_Instance_State_pendQ__O                   
0001b122  ti_sysbios_knl_Semaphore_Module__id__C                             
0001b124  ti_sysbios_knl_Semaphore_Module__loggerDefined__C                  
0001b126  ti_sysbios_knl_Swi_Module__id__C                                   
0001b128  ti_sysbios_knl_Swi_Module__loggerDefined__C                        
0001b12a  ti_sysbios_knl_Swi_Object__count__C                                
0001b12c  ti_sysbios_knl_Task_Module_State_inactiveQ__O                      
0001b12e  ti_sysbios_knl_Task_Module__id__C                                  
0001b130  ti_sysbios_knl_Task_Module__loggerDefined__C                       
0001b132  ti_sysbios_knl_Task_Object__count__C                               
0001b134  ti_sysbios_knl_Task_initStackFlag__C                               
0001b136  ti_sysbios_knl_Task_numConstructedTasks__C                         
0001b138  ti_sysbios_utils_Load_Module__id__C                                
0001b13a  ti_sysbios_utils_Load_Module__loggerDefined__C                     
0001b13c  ti_sysbios_utils_Load_updateInIdle__C                              
0001b13e  ti_sysbios_utils_Load_windowInMs__C                                
0001b140  ti_uia_loggers_LoggerStopMode_Module__id__C                        
0001b142  ti_uia_loggers_LoggerStopMode_Object__count__C                     
0001b144  ti_uia_loggers_LoggerStopMode_isTimestampEnabled__C                
0001b146  xdc_runtime_Core_Module__id__C                                     
0001b148  xdc_runtime_Error_Module__loggerDefined__C                         
0001b14a  xdc_runtime_Error_maxDepth__C                                      
0001b14c  xdc_runtime_Error_policy__C                                        
0001b14e  xdc_runtime_Main_Module__id__C                                     
0001b150  xdc_runtime_Main_Module__loggerDefined__C                          
0001b152  xdc_runtime_Memory_Module__id__C                                   
0001b154  xdc_runtime_Startup_maxPasses__C                                   
0001b156  xdc_runtime_SysMin_bufSize__C                                      
0001b158  xdc_runtime_SysMin_flushAtExit__C                                  
0001b15a  xdc_runtime_System_maxAtexitHandlers__C                            
0001b15c  xdc_runtime_Text_charCnt__C                                        
0001b15e  xdc_runtime_Text_isLoaded__C                                       
0001b160  xdc_runtime_Text_registryModsLastId__C                             
0001b162  xdc_runtime_Text_unnamedModsLastId__C                              
0001b680  __TI_Handler_Table_Base                                            
0001b68c  __TI_Handler_Table_Limit                                           
0001b698  __TI_CINIT_Base                                                    
0001b6b0  __TI_CINIT_Limit                                                   
ffffffff  __binit__                                                          
ffffffff  __c_args__                                                         
ffffffff  binit                                                              
UNDEFED   __TI_INITARRAY_Base                                                
UNDEFED   __TI_INITARRAY_Limit                                               

[1528 symbols]
